Label Automator® with Weighing Option (version 5.20)

Start Time:	04/25/2019 13:45
Log File:  	201904251345.LOG
Process File:	C:\Bohdan\Automator\Proc\Glassdel.prc
Operator ID:	Kalle

[GLOBAL SAMPLE PARAMETERS]
--- <Rack Location #01> 4 ml  Rack F1
    Rack ID: 190426-F1
    Sample Input File: C:\Bohdan\Automator\Proc\GLASS\Input\KI02.smp
--- <Rack Location #02> 4 ml  Rack F2
    Rack ID: 190426-F2
    Sample Input File: C:\Bohdan\Automator\Proc\GLASS\Input\KI02.smp
--- <Rack Location #03> 4 ml  Rack F3
    Rack ID: 190426-F3
    Sample Input File: C:\Bohdan\Automator\Proc\GLASS\Input\KI02.smp
--- <Rack Location #04> 4 ml  Rack F4
    Rack ID: 190426-F4
    Sample Input File: C:\Bohdan\Automator\Proc\GLASS\Input\KI02.smp

Report Format: K

[WEIGHT FORMAT]
Weight Unit: g
Weight Range: Coarse
 
[LABEL AND WEIGH]
Labeler Setup File: C:\Bohdan\Automator\Proc\K.par
 
bar code            	weight#1            	rack id             	sample position     
V600097             	4.0639              	190426-F1           	1                   
V600098             	3.9911              	190426-F1           	2                   
V600099             	4.0266              	190426-F1           	3                   
V600100             	4.0196              	190426-F1           	4                   
V600101             	3.9937              	190426-F1           	5                   
V600102             	4.1327              	190426-F1           	6                   
V600103             	4.0691              	190426-F1           	7                   
V600104             	4.0310              	190426-F1           	8                   
V600105             	4.0689              	190426-F1           	9                   
V600106             	4.0601              	190426-F1           	10                  
V600107             	3.9882              	190426-F1           	11                  
V600108             	4.0827              	190426-F1           	12                  
V600109             	4.0051              	190426-F1           	13                  
V600110             	4.0535              	190426-F1           	14                  
V600111             	4.0835              	190426-F1           	15                  
V600112             	4.1147              	190426-F1           	16                  
V600113             	3.9966              	190426-F1           	17                  
V600114             	4.0836              	190426-F1           	18                  
V600115             	4.0198              	190426-F1           	19                  
V600116             	4.0992              	190426-F1           	20                  
V600117             	4.1012              	190426-F1           	21                  
V600118             	4.0174              	190426-F1           	22                  
V600119             	4.0695              	190426-F1           	23                  
V600120             	3.9856              	190426-F1           	24                  
V600121             	4.0633              	190426-F2           	1                   
V600122             	4.0161              	190426-F2           	2                   
V600123             	4.0896              	190426-F2           	3                   
V600124             	4.0096              	190426-F2           	4                   
V600125             	4.0277              	190426-F2           	5                   
V600126             	4.0507              	190426-F2           	6                   
V600127             	4.0227              	190426-F2           	7                   
V600128             	4.0020              	190426-F2           	8                   
V600129             	3.9962              	190426-F2           	9                   
V600130             	4.0575              	190426-F2           	10                  
V600131             	4.0162              	190426-F2           	11                  
V600132             	4.0834              	190426-F2           	12                  
V600133             	4.0200              	190426-F2           	13                  
V600134             	4.0734              	190426-F2           	14                  
V600135             	4.0518              	190426-F2           	15                  
V600136             	4.0584              	190426-F2           	16                  
V600137             	4.0196              	190426-F2           	17                  
V600138             	4.0836              	190426-F2           	18                  
V600139             	3.9906              	190426-F2           	19                  
V600140             	4.0740              	190426-F2           	20                  
V600141             	4.0286              	190426-F2           	21                  
V600142             	3.9821              	190426-F2           	22                  
V600143             	4.0901              	190426-F2           	23                  
V600144             	3.9853              	190426-F2           	24                  
V600145             	4.0568              	190426-F3           	1                   
V600146             	4.0976              	190426-F3           	2                   
V600147             	4.0794              	190426-F3           	3                   
V600148             	4.0579              	190426-F3           	4                   
V600149             	3.9879              	190426-F3           	5                   
V600150             	4.0711              	190426-F3           	6                   
V600151             	4.0388              	190426-F3           	7                   
V600152             	3.9961              	190426-F3           	8                   
V600153             	4.0153              	190426-F3           	9                   
V600154             	4.0956              	190426-F3           	10                  
V600155             	3.9850              	190426-F3           	11                  
V600156             	3.9956              	190426-F3           	12                  
V600157             	4.0506              	190426-F3           	13                  
V600158             	4.0517              	190426-F3           	14                  
V600159             	4.0141              	190426-F3           	15                  
V600160             	3.9603              	190426-F3           	16                  
V600161             	4.0312              	190426-F3           	17                  
V600162             	4.0216              	190426-F3           	18                  
V600163             	4.0520              	190426-F3           	19                  
V600164             	3.9889              	190426-F3           	20                  
V600165             	3.9689              	190426-F3           	21                  
V600166             	4.0001              	190426-F3           	22                  
V600167             	4.0636              	190426-F3           	23                  
V600168             	4.0626              	190426-F3           	24                  
V600169             	4.0732              	190426-F4           	1                   
V600170             	4.0227              	190426-F4           	2                   
V600171             	4.0872              	190426-F4           	3                   
V600172             	4.0176              	190426-F4           	4                   
V600173             	4.0809              	190426-F4           	5                   
V600174             	4.0198              	190426-F4           	6                   
V600175             	4.0777              	190426-F4           	7                   
V600176             	4.0190              	190426-F4           	8                   
V600177             	4.0809              	190426-F4           	9                   
V600178             	4.0275              	190426-F4           	10                  
V600179             	4.0985              	190426-F4           	11                  
V600180             	4.0316              	190426-F4           	12                  
V600181             	4.0121              	190426-F4           	13                  
V600182             	4.0350              	190426-F4           	14                  
V600183             	4.0214              	190426-F4           	15                  
V600184             	3.9962              	190426-F4           	16                  
V600185             	4.0810              	190426-F4           	17                  
V600186             	4.0602              	190426-F4           	18                  
V600187             	4.0381              	190426-F4           	19                  
V600188             	4.0778              	190426-F4           	20                  
V600189             	3.9836              	190426-F4           	21                  
V600190             	4.0006              	190426-F4           	22                  
V600191             	4.0637              	190426-F4           	23                  
V600192             	4.0945              	190426-F4           	24                  
 
Process Completed!

End Time:	04/25/2019 15:50


Signature: ____________________________________
