Label Automator® with Weighing Option (version 5.20)

Start Time:	04/26/2019 09:27
Log File:  	201904260927.LOG
Process File:	C:\Bohdan\Automator\Proc\Glassdel.prc
Operator ID:	Kalle

[GLOBAL SAMPLE PARAMETERS]
--- <Rack Location #01> 4 ml  Rack F1
    Rack ID: 190427-F1
    Sample Input File: C:\Bohdan\Automator\Proc\GLASS\Input\KI03.smp
--- <Rack Location #02> 4 ml  Rack F2
    Rack ID: 190427-F2
    Sample Input File: C:\Bohdan\Automator\Proc\GLASS\Input\KI03.smp
--- <Rack Location #03> 4 ml  Rack F3
    Rack ID: 190427-F3
    Sample Input File: C:\Bohdan\Automator\Proc\GLASS\Input\KI03.smp
--- <Rack Location #04> 4 ml  Rack F4
    Rack ID: 190427-F4
    Sample Input File: C:\Bohdan\Automator\Proc\GLASS\Input\KI03.smp

Report Format: K

[WEIGHT FORMAT]
Weight Unit: g
Weight Range: Coarse
 
[LABEL AND WEIGH]
Labeler Setup File: C:\Bohdan\Automator\Proc\K.par
 
bar code            	weight#1            	rack id             	sample position     
V600193             	4.0744              	190427-F1           	1                   
V600194             	4.0301              	190427-F1           	2                   
V600195             	4.0861              	190427-F1           	3                   
V600196             	3.9824              	190427-F1           	4                   
V600197             	3.9888              	190427-F1           	5                   
V600198             	4.0532              	190427-F1           	6                   
V600199             	4.0074              	190427-F1           	7                   
V600200             	4.0867              	190427-F1           	8                   
V600201             	4.0661              	190427-F1           	9                   
V600202             	4.0419              	190427-F1           	10                  
V600203             	4.0936              	190427-F1           	11                  
V600204             	3.9697              	190427-F1           	12                  
V600205             	4.0526              	190427-F1           	13                  
V600206             	4.0020              	190427-F1           	14                  
V600207             	4.0342              	190427-F1           	15                  
V600208             	4.0868              	190427-F1           	16                  
V600209             	3.9644              	190427-F1           	17                  
V600210             	4.0600              	190427-F1           	18                  
V600211             	4.0753              	190427-F1           	19                  
V600212             	4.0108              	190427-F1           	20                  
V600213             	3.9882              	190427-F1           	21                  
V600214             	3.9842              	190427-F1           	22                  
V600215             	3.9975              	190427-F1           	23                  
V600216             	4.0411              	190427-F1           	24                  
V600217             	4.0348              	190427-F2           	1                   
V600218             	4.0039              	190427-F2           	2                   
V600219             	3.9822              	190427-F2           	3                   
V600220             	4.0509              	190427-F2           	4                   
V600221             	4.0936              	190427-F2           	5                   
V600222             	4.0464              	190427-F2           	6                   
V600223             	4.0732              	190427-F2           	7                   
V600224             	3.9859              	190427-F2           	8                   
V600225             	4.0886              	190427-F2           	9                   
V600226             	4.0723              	190427-F2           	10                  
V600227             	4.0530              	190427-F2           	11                  
V600228             	4.0627              	190427-F2           	12                  
V600229             	3.9883              	190427-F2           	13                  
V600230             	4.0914              	190427-F2           	14                  
V600231             	4.0480              	190427-F2           	15                  
V600232             	3.9952              	190427-F2           	16                  
V600233             	4.0846              	190427-F2           	17                  
V600234             	3.9683              	190427-F2           	18                  
V600235             	4.0020              	190427-F2           	19                  
V600236             	4.0512              	190427-F2           	20                  
V600237             	3.9757              	190427-F2           	21                  
V600238             	4.0860              	190427-F2           	22                  
V600239             	4.0077              	190427-F2           	23                  
V600240             	4.0370              	190427-F2           	24                  
V600241             	4.0051              	190427-F3           	1                   
V600242             	4.0457              	190427-F3           	2                   
V600243             	3.9987              	190427-F3           	3                   
V600244             	4.0087              	190427-F3           	4                   
V600245             	4.0510              	190427-F3           	5                   
V600246             	4.0002              	190427-F3           	6                   
V600247             	4.0590              	190427-F3           	7                   
V600248             	3.9666              	190427-F3           	8                   
V600249             	4.0635              	190427-F3           	9                   
V600250             	4.0432              	190427-F3           	10                  
V600251             	4.0188              	190427-F3           	11                  
V600252             	3.9842              	190427-F3           	12                  
V600253             	3.9851              	190427-F3           	13                  
V600254             	4.0593              	190427-F3           	14                  
V600255             	4.0163              	190427-F3           	15                  
V600256             	4.0403              	190427-F3           	16                  
V600257             	4.0472              	190427-F3           	17                  
V600258             	4.0810              	190427-F3           	18                  
V600259             	4.0664              	190427-F3           	19                  
V600260             	4.0250              	190427-F3           	20                  
V600261             	4.0018              	190427-F3           	21                  
V600262             	4.0429              	190427-F3           	22                  
V600263             	4.0033              	190427-F3           	23                  
V600264             	4.0060              	190427-F3           	24                  
V600265             	4.0454              	190427-F4           	1                   
V600266             	3.9733              	190427-F4           	2                   
V600267             	4.0412              	190427-F4           	3                   
V600268             	4.0851              	190427-F4           	4                   
V600269             	3.9933              	190427-F4           	5                   
V600270             	4.0320              	190427-F4           	6                   
V600271             	4.0703              	190427-F4           	7                   
V600272             	4.0670              	190427-F4           	8                   
V600273             	4.0496              	190427-F4           	9                   
V600274             	4.0379              	190427-F4           	10                  
V600275             	4.0574              	190427-F4           	11                  
V600276             	4.0510              	190427-F4           	12                  
V600277             	4.0121              	190427-F4           	13                  
V600278             	4.0523              	190427-F4           	14                  
V600279             	3.9903              	190427-F4           	15                  
V600280             	4.0161              	190427-F4           	16                  
V600281             	4.0526              	190427-F4           	17                  
V600282             	4.0543              	190427-F4           	18                  
V600283             	4.0897              	190427-F4           	19                  
V600284             	4.0348              	190427-F4           	20                  
V600285             	3.9867              	190427-F4           	21                  
V600286             	4.0890              	190427-F4           	22                  
V600287             	4.0981              	190427-F4           	23                  
V600288             	4.0870              	190427-F4           	24                  
 
Process Completed!

End Time:	04/26/2019 11:32


Signature: ____________________________________
