Label Automator® with Weighing Option (version 5.20)

Start Time:	04/26/2019 14:06
Log File:  	201904261406.LOG
Process File:	C:\Bohdan\Automator\Proc\Glassdel.prc
Operator ID:	Kalle

[GLOBAL SAMPLE PARAMETERS]
--- <Rack Location #01> 4 ml  Rack F1
    Rack ID: 190420-F1
    Sample Input File: C:\Bohdan\Automator\Proc\GLASS\Input\KI05.smp
--- <Rack Location #02> 4 ml  Rack F2
    Rack ID: 190420-F2
    Sample Input File: C:\Bohdan\Automator\Proc\GLASS\Input\KI05.smp
--- <Rack Location #03> 4 ml  Rack F3
    Rack ID: 190420-F3
    Sample Input File: C:\Bohdan\Automator\Proc\GLASS\Input\KI05.smp
--- <Rack Location #04> 4 ml  Rack F4
    Rack ID: 190420-F4
    Sample Input File: C:\Bohdan\Automator\Proc\GLASS\Input\KI05.smp

Report Format: K

[WEIGHT FORMAT]
Weight Unit: g
Weight Range: Coarse
 
[LABEL AND WEIGH]
Labeler Setup File: C:\Bohdan\Automator\Proc\K.par
 
bar code            	weight#1            	rack id             	sample position     
V600385             	4.0072              	190420-F1           	1                   
V600386             	3.9700              	190420-F1           	2                   
V600387             	4.0930              	190420-F1           	3                   
V600388             	4.1166              	190420-F1           	4                   
V600389             	4.0214              	190420-F1           	5                   
V600390             	4.0415              	190420-F1           	6                   
V600391             	4.1273              	190420-F1           	7                   
V600392             	4.0694              	190420-F1           	8                   
V600393             	4.0120              	190420-F1           	9                   
V600394             	3.9989              	190420-F1           	10                  
V600395             	4.0124              	190420-F1           	11                  
V600396             	4.1041              	190420-F1           	12                  
V600397             	4.0261              	190420-F1           	13                  
V600398             	4.0546              	190420-F1           	14                  
V600399             	3.9988              	190420-F1           	15                  
V600400             	4.0808              	190420-F1           	16                  
V600401             	4.0501              	190420-F1           	17                  
V600402             	4.0302              	190420-F1           	18                  
V600403             	4.0616              	190420-F1           	19                  
V600404             	4.0057              	190420-F1           	20                  
V600405             	4.0110              	190420-F1           	21                  
V600406             	4.0796              	190420-F1           	22                  
V600407             	4.0780              	190420-F1           	23                  
V600408             	4.0568              	190420-F1           	24                  
V600409             	4.0329              	190420-F2           	1                   
V600410             	4.0939              	190420-F2           	2                   
V600411             	4.1072              	190420-F2           	3                   
V600412             	4.0233              	190420-F2           	4                   
V600413             	4.0125              	190420-F2           	5                   
V600414             	4.1100              	190420-F2           	6                   
V600415             	3.9977              	190420-F2           	7                   
V600416             	4.1003              	190420-F2           	8                   
V600417             	4.0122              	190420-F2           	9                   
V600418             	4.0635              	190420-F2           	10                  
V600419             	4.0566              	190420-F2           	11                  
V600420             	4.0320              	190420-F2           	12                  
V600421             	3.9995              	190420-F2           	13                  
V600422             	4.0098              	190420-F2           	14                  
V600423             	4.0581              	190420-F2           	15                  
V600424             	4.0872              	190420-F2           	16                  
V600425             	4.0099              	190420-F2           	17                  
V600426             	3.9998              	190420-F2           	18                  
V600427             	4.0769              	190420-F2           	19                  
V600428             	4.0049              	190420-F2           	20                  
V600429             	4.0363              	190420-F2           	21                  
V600430             	4.0780              	190420-F2           	22                  
V600431             	4.0091              	190420-F2           	23                  
V600432             	3.9852              	190420-F2           	24                  
V600433             	4.0121              	190420-F3           	1                   
V600434             	4.0589              	190420-F3           	2                   
V600435             	4.0697              	190420-F3           	3                   
V600436             	4.0419              	190420-F3           	4                   
V600437             	4.0391              	190420-F3           	5                   
V600438             	4.0137              	190420-F3           	6                   
V600439             	4.0918              	190420-F3           	7                   
V600440             	4.0177              	190420-F3           	8                   
V600441             	4.0931              	190420-F3           	9                   
V600442             	4.0763              	190420-F3           	10                  
V600443             	4.0944              	190420-F3           	11                  
V600444             	4.0932              	190420-F3           	12                  
V600445             	4.0690              	190420-F3           	13                  
V600446             	4.0397              	190420-F3           	14                  
V600447             	4.0713              	190420-F3           	15                  
V600448             	4.0612              	190420-F3           	16                  
V600449             	4.0250              	190420-F3           	17                  
V600450             	4.0673              	190420-F3           	18                  
V600451             	4.0590              	190420-F3           	19                  
V600452             	4.0868              	190420-F3           	20                  
V600453             	4.0564              	190420-F3           	21                  
V600454             	4.0827              	190420-F3           	22                  
V600455             	4.0900              	190420-F3           	23                  
V600456             	3.9831              	190420-F3           	24                  
V600457             	4.0606              	190420-F4           	1                   
V600458             	4.0947              	190420-F4           	2                   
V600459             	4.0037              	190420-F4           	3                   
V600460             	4.0174              	190420-F4           	4                   
V600461             	4.0060              	190420-F4           	5                   
V600462             	4.0672              	190420-F4           	6                   
V600463             	4.0849              	190420-F4           	7                   
V600464             	4.0137              	190420-F4           	8                   
V600465             	4.0651              	190420-F4           	9                   
V600466             	3.9952              	190420-F4           	10                  
V600467             	4.0680              	190420-F4           	11                  
V600468             	3.9874              	190420-F4           	12                  
V600469             	4.0612              	190420-F4           	13                  
V600470             	4.0968              	190420-F4           	14                  
V600471             	4.0359              	190420-F4           	15                  
V600472             	4.0836              	190420-F4           	16                  
V600473             	4.0114              	190420-F4           	17                  
V600474             	4.0203              	190420-F4           	18                  
V600475             	4.0536              	190420-F4           	19                  
V600476             	4.0827              	190420-F4           	20                  
V600477             	3.9870              	190420-F4           	21                  
V600478             	4.0123              	190420-F4           	22                  
V600479             	3.9833              	190420-F4           	23                  
V600480             	4.0457              	190420-F4           	24                  
 
Process Completed!

End Time:	04/26/2019 16:11


Signature: ____________________________________
