Label Automator® with Weighing Option (version 5.20)

Start Time:	04/29/2019 11:23
Log File:  	201904291123.LOG
Process File:	C:\Bohdan\Automator\Proc\Glassdel.prc
Operator ID:	Kalle

[GLOBAL SAMPLE PARAMETERS]
--- <Rack Location #01> 4 ml  Rack F1
    Rack ID: 190429-F1
    Sample Input File: C:\Bohdan\Automator\Proc\GLASS\Input\KI06.smp
--- <Rack Location #02> 4 ml  Rack F2
    Rack ID: 190429-F2
    Sample Input File: C:\Bohdan\Automator\Proc\GLASS\Input\KI06.smp
--- <Rack Location #03> 4 ml  Rack F3
    Rack ID: 190429-F3
    Sample Input File: C:\Bohdan\Automator\Proc\GLASS\Input\KI06.smp
--- <Rack Location #04> 4 ml  Rack F4
    Rack ID: 190429-F4
    Sample Input File: C:\Bohdan\Automator\Proc\GLASS\Input\KI06.smp

Report Format: K

[WEIGHT FORMAT]
Weight Unit: g
Weight Range: Coarse
 
[LABEL AND WEIGH]
Labeler Setup File: C:\Bohdan\Automator\Proc\K.par
 
bar code            	weight#1            	rack id             	sample position     
V600481             	4.0744              	190429-F1           	1                   
V600482             	4.0136              	190429-F1           	2                   
V600483             	4.0829              	190429-F1           	3                   
V600484             	3.9922              	190429-F1           	4                   
V600485             	4.1281              	190429-F1           	5                   
V600486             	4.0466              	190429-F1           	6                   
V600487             	4.0326              	190429-F1           	7                   
V600488             	4.0247              	190429-F1           	8                   
V600489             	4.0048              	190429-F1           	9                   
V600490             	4.0522              	190429-F1           	10                  
V600491             	4.0840              	190429-F1           	11                  
V600492             	3.9868              	190429-F1           	12                  
V600493             	3.9937              	190429-F1           	13                  
V600494             	4.1036              	190429-F1           	14                  
V600495             	4.0059              	190429-F1           	15                  
V600496             	3.9721              	190429-F1           	16                  
V600497             	4.0873              	190429-F1           	17                  
V600498             	4.0598              	190429-F1           	18                  
V600499             	3.9934              	190429-F1           	19                  
V600500             	4.0563              	190429-F1           	20                  
V600501             	4.1078              	190429-F1           	21                  
V600502             	4.0909              	190429-F1           	22                  
V600503             	3.9962              	190429-F1           	23                  
V600504             	3.9867              	190429-F1           	24                  
V600505             	4.0378              	190429-F2           	1                   
V600506             	3.9995              	190429-F2           	2                   
V600507             	4.1101              	190429-F2           	3                   
V600508             	4.0678              	190429-F2           	4                   
V600509             	4.0227              	190429-F2           	5                   
V600510             	4.0759              	190429-F2           	6                   
V600511             	4.0369              	190429-F2           	7                   
V600512             	4.0784              	190429-F2           	8                   
V600513             	4.0823              	190429-F2           	9                   
V600514             	4.1163              	190429-F2           	10                  
V600515             	4.0309              	190429-F2           	11                  
V600516             	3.9899              	190429-F2           	12                  
V600517             	4.0482              	190429-F2           	13                  
V600518             	4.0692              	190429-F2           	14                  
V600519             	4.0125              	190429-F2           	15                  
V600520             	4.0270              	190429-F2           	16                  
V600521             	4.0232              	190429-F2           	17                  
V600522             	4.0526              	190429-F2           	18                  
V600523             	4.0733              	190429-F2           	19                  
V600524             	4.0796              	190429-F2           	20                  
V600525             	4.0262              	190429-F2           	21                  
V600526             	4.0539              	190429-F2           	22                  
V600527             	4.0527              	190429-F2           	23                  
V600528             	3.9991              	190429-F2           	24                  
V600529             	4.0294              	190429-F3           	1                   
V600530             	4.0833              	190429-F3           	2                   
V600531             	4.0730              	190429-F3           	3                   
V600532             	4.0570              	190429-F3           	4                   
V600533             	4.0158              	190429-F3           	5                   
V600534             	4.0053              	190429-F3           	6                   
V600535             	4.0749              	190429-F3           	7                   
V600536             	3.9783              	190429-F3           	8                   
V600537             	4.0619              	190429-F3           	9                   
V600538             	4.0029              	190429-F3           	10                  
V600539             	3.9895              	190429-F3           	11                  
V600540             	4.0093              	190429-F3           	12                  
V600541             	4.0316              	190429-F3           	13                  
V600542             	4.0925              	190429-F3           	14                  
V600543             	4.0481              	190429-F3           	15                  
V600544             	4.0973              	190429-F3           	16                  
V600545             	3.9969              	190429-F3           	17                  
V600546             	4.0739              	190429-F3           	18                  
V600547             	3.9641              	190429-F3           	19                  
V600548             	4.0536              	190429-F3           	20                  
V600549             	4.0949              	190429-F3           	21                  
V600550             	4.0470              	190429-F3           	22                  
V600551             	4.0176              	190429-F3           	23                  
V600552             	4.0763              	190429-F3           	24                  
V600553             	3.9960              	190429-F4           	1                   
V600554             	4.0342              	190429-F4           	2                   
V600555             	4.0610              	190429-F4           	3                   
V600556             	4.0608              	190429-F4           	4                   
V600557             	3.9797              	190429-F4           	5                   
V600558             	4.0477              	190429-F4           	6                   
V600559             	3.9845              	190429-F4           	7                   
V600560             	3.9766              	190429-F4           	8                   
V600561             	3.9917              	190429-F4           	9                   
V600562             	3.9776              	190429-F4           	10                  
V600563             	4.0893              	190429-F4           	11                  
V600564             	4.1099              	190429-F4           	12                  
V600565             	4.0571              	190429-F4           	13                  
V600566             	4.0470              	190429-F4           	14                  
V600567             	4.0112              	190429-F4           	15                  
V600568             	3.9883              	190429-F4           	16                  
V600569             	4.0904              	190429-F4           	17                  
V600570             	4.0369              	190429-F4           	18                  
V600571             	4.0403              	190429-F4           	19                  
V600572             	4.1033              	190429-F4           	20                  
V600573             	4.0469              	190429-F4           	21                  
V600574             	4.0621              	190429-F4           	22                  
V600575             	4.1042              	190429-F4           	23                  
V600576             	3.9623              	190429-F4           	24                  
 
Process Completed!

End Time:	04/29/2019 13:27


Signature: ____________________________________
