Label Automator® with Weighing Option (version 5.20)

Start Time:	04/30/2019 09:45
Log File:  	201904300945.LOG
Process File:	C:\Bohdan\Automator\Proc\Glassdel.prc
Operator ID:	Kalle

[GLOBAL SAMPLE PARAMETERS]
--- <Rack Location #01> 4 ml  Rack F1
    Rack ID: 190430-F1
    Sample Input File: C:\Bohdan\Automator\Proc\GLASS\Input\KI08.smp
--- <Rack Location #02> 4 ml  Rack F2
    Rack ID: 190430-F2
    Sample Input File: C:\Bohdan\Automator\Proc\GLASS\Input\KI08.smp
--- <Rack Location #03> 4 ml  Rack F3
    Rack ID: 190430-F3
    Sample Input File: C:\Bohdan\Automator\Proc\GLASS\Input\KI08.smp
--- <Rack Location #04> 4 ml  Rack F4
    Rack ID: 190430-F4
    Sample Input File: C:\Bohdan\Automator\Proc\GLASS\Input\KI08.smp

Report Format: K

[WEIGHT FORMAT]
Weight Unit: g
Weight Range: Coarse
 
[LABEL AND WEIGH]
Labeler Setup File: C:\Bohdan\Automator\Proc\K.par
 
bar code            	weight#1            	rack id             	sample position     
V600673             	4.0630              	190430-F1           	1                   
V600674             	3.9750              	190430-F1           	2                   
V600675             	4.0355              	190430-F1           	3                   
V600676             	4.0739              	190430-F1           	4                   
V600677             	4.0161              	190430-F1           	5                   
V600678             	4.0855              	190430-F1           	6                   
V600679             	4.0289              	190430-F1           	7                   
V600680             	4.0026              	190430-F1           	8                   
V600681             	4.0657              	190430-F1           	9                   
V600682             	4.0048              	190430-F1           	10                  
V600683             	4.0850              	190430-F1           	11                  
V600684             	3.9840              	190430-F1           	12                  
V600685             	4.0030              	190430-F1           	13                  
V600686             	4.0525              	190430-F1           	14                  
V600687             	3.9832              	190430-F1           	15                  
V600688             	4.0715              	190430-F1           	16                  
V600689             	3.9902              	190430-F1           	17                  
V600690             	4.0800              	190430-F1           	18                  
V600691             	4.0877              	190430-F1           	19                  
V600692             	4.0897              	190430-F1           	20                  
V600693             	4.0145              	190430-F1           	21                  
V600694             	4.0362              	190430-F1           	22                  
V600695             	4.0068              	190430-F1           	23                  
V600696             	3.9897              	190430-F1           	24                  
V600697             	4.0748              	190430-F2           	1                   
V600698             	4.0843              	190430-F2           	2                   
V600699             	3.9972              	190430-F2           	3                   
V600700             	4.0844              	190430-F2           	4                   
V600701             	4.0973              	190430-F2           	5                   
V600702             	4.0460              	190430-F2           	6                   
V600703             	3.9595              	190430-F2           	7                   
V600704             	4.0010              	190430-F2           	8                   
V600705             	4.0747              	190430-F2           	9                   
V600706             	4.0099              	190430-F2           	10                  
V600707             	4.0698              	190430-F2           	11                  
V600708             	4.0362              	190430-F2           	12                  
V600709             	4.0054              	190430-F2           	13                  
V600710             	3.9791              	190430-F2           	14                  
V600711             	4.0560              	190430-F2           	15                  
V600712             	3.9932              	190430-F2           	16                  
V600713             	4.0710              	190430-F2           	17                  
V600714             	3.9877              	190430-F2           	18                  
V600715             	3.9739              	190430-F2           	19                  
V600716             	4.0723              	190430-F2           	20                  
V600717             	4.0233              	190430-F2           	21                  
V600718             	3.9996              	190430-F2           	22                  
V600719             	4.0236              	190430-F2           	23                  
V600720             	4.0678              	190430-F2           	24                  
V600721             	4.0098              	190430-F3           	1                   
V600722             	4.0946              	190430-F3           	2                   
V600723             	3.9940              	190430-F3           	3                   
V600724             	4.0086              	190430-F3           	4                   
V600725             	4.0787              	190430-F3           	5                   
V600726             	4.0383              	190430-F3           	6                   
V600727             	3.9950              	190430-F3           	7                   
V600728             	3.9950              	190430-F3           	8                   
V600729             	4.0969              	190430-F3           	9                   
V600730             	4.0543              	190430-F3           	10                  
V600731             	4.0388              	190430-F3           	11                  
V600732             	4.0828              	190430-F3           	12                  
V600733             	4.0713              	190430-F3           	13                  
V600734             	4.0344              	190430-F3           	14                  
V600735             	3.9970              	190430-F3           	15                  
V600736             	4.0619              	190430-F3           	16                  
V600737             	4.0172              	190430-F3           	17                  
V600738             	4.0035              	190430-F3           	18                  
V600739             	4.0528              	190430-F3           	19                  
V600740             	4.0716              	190430-F3           	20                  
V600741             	4.0079              	190430-F3           	21                  
V600742             	4.0758              	190430-F3           	22                  
V600743             	4.0864              	190430-F3           	23                  
V600744             	4.0570              	190430-F3           	24                  
V600745             	4.0257              	190430-F4           	1                   
V600746             	4.0597              	190430-F4           	2                   
V600747             	4.0631              	190430-F4           	3                   
V600748             	4.0383              	190430-F4           	4                   
V600749             	4.0120              	190430-F4           	5                   
V600750             	4.0496              	190430-F4           	6                   
V600751             	4.0745              	190430-F4           	7                   
V600752             	4.0330              	190430-F4           	8                   
V600753             	4.0219              	190430-F4           	9                   
V600754             	3.9667              	190430-F4           	10                  
V600755             	4.0669              	190430-F4           	11                  
V600756             	4.0179              	190430-F4           	12                  
V600757             	4.0217              	190430-F4           	13                  
V600758             	4.0729              	190430-F4           	14                  
V600759             	4.0230              	190430-F4           	15                  
V600760             	4.0827              	190430-F4           	16                  
V600761             	4.0469              	190430-F4           	17                  
V600762             	4.0262              	190430-F4           	18                  
V600763             	4.0668              	190430-F4           	19                  
V600764             	4.0505              	190430-F4           	20                  
V600765             	4.0934              	190430-F4           	21                  
V600766             	4.0235              	190430-F4           	22                  
V600767             	4.0917              	190430-F4           	23                  
V600768             	4.0533              	190430-F4           	24                  
 
Process Completed!

End Time:	04/30/2019 11:51


Signature: ____________________________________
