Label Automator® with Weighing Option (version 5.20)

Start Time:	05/02/2019 11:37
Log File:  	201905021137.LOG
Process File:	C:\Bohdan\Automator\Proc\Glasdel2.prc
Operator ID:	Kalle

[GLOBAL SAMPLE PARAMETERS]
--- <Rack Location #01> 4 ml  Rack F1
    Rack ID: 190501-F1
    Sample Input File: C:\Bohdan\Automator\Proc\GLASS\Input\KI10.smp
--- <Rack Location #02> 4 ml  Rack F2
    Rack ID: 190501-F2
    Sample Input File: C:\Bohdan\Automator\Proc\GLASS\Input\KI10.smp
--- <Rack Location #03> 4 ml  Rack F3
    Rack ID: 190501-F3
    Sample Input File: C:\Bohdan\Automator\Proc\GLASS\Input\KI10.smp
--- <Rack Location #04> 4 ml  Rack F4
    Rack ID: 190501-F4
    Sample Input File: C:\Bohdan\Automator\Proc\GLASS\Input\KI10.smp

Report Format: K

[WEIGHT FORMAT]
Weight Unit: g
Weight Range: Coarse
 
[LABEL AND WEIGH]
Labeler Setup File: C:\Bohdan\Automator\Proc\K.par
 
bar code            	weight#1            	rack id             	sample position     
V600865             	4.0379              	190501-F1           	1                   
V600866             	4.0591              	190501-F1           	2                   
V600867             	4.0838              	190501-F1           	3                   
V600868             	4.0101              	190501-F1           	4                   
V600869             	4.0105              	190501-F1           	5                   
V600870             	4.0722              	190501-F1           	6                   
V600871             	4.0279              	190501-F1           	7                   
V600872             	4.0328              	190501-F1           	8                   
V600873             	4.0130              	190501-F1           	9                   
V600874             	4.0506              	190501-F1           	10                  
V600875             	4.0093              	190501-F1           	11                  
V600876             	4.0777              	190501-F1           	12                  
V600877             	4.0313              	190501-F1           	13                  
V600878             	4.0281              	190501-F1           	14                  
V600879             	4.0122              	190501-F1           	15                  
V600880             	4.0212              	190501-F1           	16                  
V600881             	4.0685              	190501-F1           	17                  
V600882             	4.0772              	190501-F1           	18                  
V600883             	4.0001              	190501-F1           	19                  
V600884             	4.0725              	190501-F1           	20                  
V600885             	4.0674              	190501-F1           	21                  
V600886             	4.0736              	190501-F1           	22                  
V600887             	4.1060              	190501-F1           	23                  
V600888             	4.0603              	190501-F1           	24                  
V600889             	4.0195              	190501-F2           	1                   
V600890             	4.0098              	190501-F2           	2                   
V600891             	4.0603              	190501-F2           	3                   
V600892             	4.0714              	190501-F2           	4                   
V600893             	4.0028              	190501-F2           	5                   
V600894             	4.0318              	190501-F2           	6                   
V600895             	4.0740              	190501-F2           	7                   
V600896             	4.0044              	190501-F2           	8                   
V600897             	3.9943              	190501-F2           	9                   
V600898             	4.0980              	190501-F2           	10                  
V600899             	4.0750              	190501-F2           	11                  
V600900             	4.0020              	190501-F2           	12                  
V600901             	4.0622              	190501-F2           	13                  
V600902             	4.0965              	190501-F2           	14                  
V600903             	4.0013              	190501-F2           	15                  
V600904             	4.0120              	190501-F2           	16                  
V600905             	4.0759              	190501-F2           	17                  
V600906             	4.0668              	190501-F2           	18                  
V600907             	4.0547              	190501-F2           	19                  
V600908             	4.0907              	190501-F2           	20                  
V600909             	4.0768              	190501-F2           	21                  
V600910             	4.1025              	190501-F2           	22                  
V600911             	4.0093              	190501-F2           	23                  
V600912             	4.0262              	190501-F2           	24                  
V600913             	4.0284              	190501-F3           	1                   
V600914             	3.9916              	190501-F3           	2                   
V600915             	4.0147              	190501-F3           	3                   
V600916             	4.0856              	190501-F3           	4                   
V600917             	4.0989              	190501-F3           	5                   
V600918             	3.9982              	190501-F3           	6                   
V600919             	4.0736              	190501-F3           	7                   
V600920             	4.0253              	190501-F3           	8                   
V600921             	4.0189              	190501-F3           	9                   
V600922             	4.0639              	190501-F3           	10                  
V600923             	4.0641              	190501-F3           	11                  
V600924             	4.0752              	190501-F3           	12                  
V600925             	4.0044              	190501-F3           	13                  
V600926             	4.0967              	190501-F3           	14                  
V600927             	4.0328              	190501-F3           	15                  
V600928             	4.0989              	190501-F3           	16                  
V600929             	4.0910              	190501-F3           	17                  
V600930             	4.0022              	190501-F3           	18                  
V600931             	4.0683              	190501-F3           	19                  
V600932             	4.0308              	190501-F3           	20                  
V600933             	4.0210              	190501-F3           	21                  
V600934             	4.0591              	190501-F3           	22                  
V600935             	4.1044              	190501-F3           	23                  
V600936             	4.0969              	190501-F3           	24                  
V600937             	4.0123              	190501-F4           	1                   
V600938             	4.0182              	190501-F4           	2                   
V600939             	4.0672              	190501-F4           	3                   
V600940             	4.0708              	190501-F4           	4                   
V600941             	4.0342              	190501-F4           	5                   
V600942             	4.0714              	190501-F4           	6                   
V600943             	4.0068              	190501-F4           	7                   
V600944             	4.0471              	190501-F4           	8                   
V600945             	4.0677              	190501-F4           	9                   
V600946             	3.9804              	190501-F4           	10                  
V600947             	4.0210              	190501-F4           	11                  
V600948             	4.0030              	190501-F4           	12                  
V600949             	4.0360              	190501-F4           	13                  
V600950             	3.9948              	190501-F4           	14                  
V600951             	4.0148              	190501-F4           	15                  
V600952             	4.0835              	190501-F4           	16                  
V600953             	4.0893              	190501-F4           	17                  
V600954             	4.0697              	190501-F4           	18                  
V600955             	4.0283              	190501-F4           	19                  
V600956             	4.0633              	190501-F4           	20                  
V600957             	3.9978              	190501-F4           	21                  
V600958             	4.0802              	190501-F4           	22                  
V600959             	4.0010              	190501-F4           	23                  
V600960             	4.0795              	190501-F4           	24                  
 
Process Completed!

End Time:	05/02/2019 13:42


Signature: ____________________________________
