Label Automator® with Weighing Option (version 5.20)

Start Time:	05/03/2019 11:58
Log File:  	201905031158.LOG
Process File:	C:\Bohdan\Automator\Proc\Glasdel2.prc
Operator ID:	Kalle

[GLOBAL SAMPLE PARAMETERS]
--- <Rack Location #01> 4 ml  Rack F1
    Rack ID: 190502-F1
    Sample Input File: C:\Bohdan\Automator\Proc\GLASS\Input\KI11.smp
--- <Rack Location #02> 4 ml  Rack F2
    Rack ID: 190502-F2
    Sample Input File: C:\Bohdan\Automator\Proc\GLASS\Input\KI11.smp
--- <Rack Location #03> 4 ml  Rack F3
    Rack ID: 190502-F3
    Sample Input File: C:\Bohdan\Automator\Proc\GLASS\Input\KI11.smp
--- <Rack Location #04> 4 ml  Rack F4
    Rack ID: 190502-F4
    Sample Input File: C:\Bohdan\Automator\Proc\GLASS\Input\KI11.smp

Report Format: K

[WEIGHT FORMAT]
Weight Unit: g
Weight Range: Coarse
 
[LABEL AND WEIGH]
Labeler Setup File: C:\Bohdan\Automator\Proc\K.par
 
bar code            	weight#1            	rack id             	sample position     
V600961             	3.9327              	190502-F1           	1                   
V600962             	3.9861              	190502-F1           	2                   
V600963             	4.0252              	190502-F1           	3                   
V600964             	4.0561              	190502-F1           	4                   
V600965             	3.9578              	190502-F1           	5                   
V600966             	3.9920              	190502-F1           	6                   
V600967             	3.9611              	190502-F1           	7                   
V600968             	4.0061              	190502-F1           	8                   
V600969             	4.0144              	190502-F1           	9                   
V600970             	3.9795              	190502-F1           	10                  
V600971             	4.0122              	190502-F1           	11                  
V600972             	4.0261              	190502-F1           	12                  
V600973             	3.9644              	190502-F1           	13                  
V600974             	4.0323              	190502-F1           	14                  
V600975             	4.0338              	190502-F1           	15                  
V600976             	4.0081              	190502-F1           	16                  
V600977             	3.9568              	190502-F1           	17                  
V600978             	3.9215              	190502-F1           	18                  
V600979             	3.9309              	190502-F1           	19                  
V600980             	4.0194              	190502-F1           	20                  
V600981             	4.0057              	190502-F1           	21                  
V600982             	3.9374              	190502-F1           	22                  
V600983             	3.9162              	190502-F1           	23                  
V600984             	4.0103              	190502-F1           	24                  
V600985             	3.9296              	190502-F2           	1                   
V600986             	3.9387              	190502-F2           	2                   
V600987             	3.9246              	190502-F2           	3                   
V600988             	4.0357              	190502-F2           	4                   
V600989             	4.0504              	190502-F2           	5                   
V600990             	4.0692              	190502-F2           	6                   
V600991             	3.9475              	190502-F2           	7                   
V600992             	4.0103              	190502-F2           	8                   
V600993             	3.9417              	190502-F2           	9                   
V600994             	4.0031              	190502-F2           	10                  
V600995             	4.0023              	190502-F2           	11                  
V600996             	4.0757              	190502-F2           	12                  
V600997             	3.9530              	190502-F2           	13                  
V600998             	4.0599              	190502-F2           	14                  
V600999             	3.9533              	190502-F2           	15                  
V601000             	4.0116              	190502-F2           	16                  
V601001             	4.0843              	190502-F2           	17                  
V601002             	4.0049              	190502-F2           	18                  
V601003             	3.9949              	190502-F2           	19                  
V601004             	4.0215              	190502-F2           	20                  
V601005             	3.9293              	190502-F2           	21                  
V601006             	4.0212              	190502-F2           	22                  
V601007             	3.9964              	190502-F2           	23                  
V601008             	4.0807              	190502-F2           	24                  
V601009             	3.9553              	190502-F3           	1                   
V601010             	3.9734              	190502-F3           	2                   
V601011             	4.0486              	190502-F3           	3                   
V601012             	4.0434              	190502-F3           	4                   
V601013             	4.0418              	190502-F3           	5                   
V601014             	4.0732              	190502-F3           	6                   
V601015             	3.9421              	190502-F3           	7                   
V601016             	4.0228              	190502-F3           	8                   
V601017             	3.9365              	190502-F3           	9                   
V601018             	4.0210              	190502-F3           	10                  
V601019             	3.9621              	190502-F3           	11                  
V601020             	4.0376              	190502-F3           	12                  
V601021             	4.0399              	190502-F3           	13                  
V601022             	4.0310              	190502-F3           	14                  
V601023             	4.0276              	190502-F3           	15                  
V601024             	3.9345              	190502-F3           	16                  
V601025             	4.0147              	190502-F3           	17                  
V601026             	3.9328              	190502-F3           	18                  
V601027             	3.9493              	190502-F3           	19                  
V601028             	3.9225              	190502-F3           	20                  
V601029             	4.0181              	190502-F3           	21                  
V601030             	3.9839              	190502-F3           	22                  
V601031             	4.0541              	190502-F3           	23                  
V601032             	3.9480              	190502-F3           	24                  
V601033             	4.0489              	190502-F4           	1                   
V601034             	3.9155              	190502-F4           	2                   
V601035             	3.9656              	190502-F4           	3                   
V601036             	4.0097              	190502-F4           	4                   
V601037             	4.0908              	190502-F4           	5                   
V601038             	4.0136              	190502-F4           	6                   
V601039             	4.0234              	190502-F4           	7                   
V601040             	3.9170              	190502-F4           	8                   
V601041             	4.0443              	190502-F4           	9                   
V601042             	4.0437              	190502-F4           	10                  
V601043             	4.0925              	190502-F4           	11                  
V601044             	4.0154              	190502-F4           	12                  
V601045             	4.0291              	190502-F4           	13                  
V601046             	3.9326              	190502-F4           	14                  
V601047             	3.9426              	190502-F4           	15                  
V601048             	4.0553              	190502-F4           	16                  
V601049             	4.0634              	190502-F4           	17                  
V601050             	4.0842              	190502-F4           	18                  
V601051             	3.9290              	190502-F4           	19                  
V601052             	4.0345              	190502-F4           	20                  
V601053             	3.9217              	190502-F4           	21                  
V601054             	4.0477              	190502-F4           	22                  
V601055             	3.9729              	190502-F4           	23                  
V601056             	4.0002              	190502-F4           	24                  
 
Process Completed!

End Time:	05/03/2019 14:02


Signature: ____________________________________
