Label Automator® with Weighing Option (version 5.20)

Start Time:	05/06/2019 14:36
Log File:  	201905061436.LOG
Process File:	C:\Bohdan\Automator\Proc\Glasdel2.prc
Operator ID:	Kalle

[GLOBAL SAMPLE PARAMETERS]
--- <Rack Location #01> 4 ml  Rack F1
    Rack ID: 190503-F1
    Sample Input File: C:\Bohdan\Automator\Proc\GLASS\Input\KI12.smp
--- <Rack Location #02> 4 ml  Rack F2
    Rack ID: 190503-F2
    Sample Input File: C:\Bohdan\Automator\Proc\GLASS\Input\KI12.smp
--- <Rack Location #03> 4 ml  Rack F3
    Rack ID: 190503-F3
    Sample Input File: C:\Bohdan\Automator\Proc\GLASS\Input\KI12.smp
--- <Rack Location #04> 4 ml  Rack F4
    Rack ID: 190503-F4
    Sample Input File: C:\Bohdan\Automator\Proc\GLASS\Input\KI12.smp

Report Format: K

[WEIGHT FORMAT]
Weight Unit: g
Weight Range: Coarse
 
[LABEL AND WEIGH]
Labeler Setup File: C:\Bohdan\Automator\Proc\K.par
 
bar code            	weight#1            	rack id             	sample position     
V601057             	3.9083              	190503-F1           	1                   
V601058             	3.9216              	190503-F1           	2                   
V601059             	3.9911              	190503-F1           	3                   
V601060             	3.9836              	190503-F1           	4                   
V601061             	3.9468              	190503-F1           	5                   
V601062             	4.0158              	190503-F1           	6                   
V601063             	4.0391              	190503-F1           	7                   
V601064             	4.0222              	190503-F1           	8                   
V601065             	3.9762              	190503-F1           	9                   
V601066             	3.8953              	190503-F1           	10                  
V601067             	4.0798              	190503-F1           	11                  
V601068             	3.9646              	190503-F1           	12                  
V601069             	4.0061              	190503-F1           	13                  
V601070             	4.0547              	190503-F1           	14                  
V601071             	3.9865              	190503-F1           	15                  
V601072             	4.0014              	190503-F1           	16                  
V601073             	3.9586              	190503-F1           	17                  
V601074             	4.0503              	190503-F1           	18                  
V601075             	3.9488              	190503-F1           	19                  
V601076             	4.0250              	190503-F1           	20                  
V601077             	3.9595              	190503-F1           	21                  
V601078             	3.9560              	190503-F1           	22                  
V601079             	4.0333              	190503-F1           	23                  
V601080             	4.0574              	190503-F1           	24                  
V601081             	3.9867              	190503-F2           	1                   
V601082             	4.0058              	190503-F2           	2                   
V601083             	3.9412              	190503-F2           	3                   
V601084             	3.9938              	190503-F2           	4                   
V601085             	3.9198              	190503-F2           	5                   
V601086             	3.9409              	190503-F2           	6                   
V601087             	3.9832              	190503-F2           	7                   
V601088             	3.9049              	190503-F2           	8                   
V601089             	4.0669              	190503-F2           	9                   
V601090             	4.0228              	190503-F2           	10                  
V601091             	3.9610              	190503-F2           	11                  
V601092             	3.8799              	190503-F2           	12                  
V601093             	3.9370              	190503-F2           	13                  
V601094             	3.8864              	190503-F2           	14                  
V601095             	3.9395              	190503-F2           	15                  
V601096             	3.9883              	190503-F2           	16                  
V601097             	3.9271              	190503-F2           	17                  
V601098             	3.9800              	190503-F2           	18                  
V601099             	3.9305              	190503-F2           	19                  
V601100             	3.9103              	190503-F2           	20                  
V601101             	3.9996              	190503-F2           	21                  
V601102             	3.9460              	190503-F2           	22                  
V601103             	3.9762              	190503-F2           	23                  
V601104             	3.9524              	190503-F2           	24                  
V601105             	3.9392              	190503-F3           	1                   
V601106             	4.0151              	190503-F3           	2                   
V601107             	3.9177              	190503-F3           	3                   
V601108             	3.9359              	190503-F3           	4                   
V601109             	4.0350              	190503-F3           	5                   
V601110             	4.0242              	190503-F3           	6                   
V601111             	3.9428              	190503-F3           	7                   
V601112             	3.9390              	190503-F3           	8                   
V601113             	3.9497              	190503-F3           	9                   
V601114             	3.9479              	190503-F3           	10                  
V601115             	4.0316              	190503-F3           	11                  
V601116             	3.9799              	190503-F3           	12                  
V601117             	3.9958              	190503-F3           	13                  
V601118             	3.9853              	190503-F3           	14                  
V601119             	3.9426              	190503-F3           	15                  
V601120             	3.9533              	190503-F3           	16                  
V601121             	3.9422              	190503-F3           	17                  
V601122             	4.0320              	190503-F3           	18                  
V601123             	3.9427              	190503-F3           	19                  
V601124             	4.0525              	190503-F3           	20                  
V601125             	4.0385              	190503-F3           	21                  
V601126             	4.0466              	190503-F3           	22                  
V601127             	4.0427              	190503-F3           	23                  
V601128             	3.9024              	190503-F3           	24                  
V601129             	3.9301              	190503-F4           	1                   
V601130             	4.0647              	190503-F4           	2                   
V601131             	4.0111              	190503-F4           	3                   
V601132             	3.9361              	190503-F4           	4                   
V601133             	4.0170              	190503-F4           	5                   
V601134             	3.9430              	190503-F4           	6                   
V601135             	4.0129              	190503-F4           	7                   
V601136             	4.0428              	190503-F4           	8                   
V601137             	4.0114              	190503-F4           	9                   
V601138             	3.9923              	190503-F4           	10                  
V601139             	3.9724              	190503-F4           	11                  
V601140             	3.9586              	190503-F4           	12                  
V601141             	3.9931              	190503-F4           	13                  
V601142             	3.9450              	190503-F4           	14                  
V601143             	3.9560              	190503-F4           	15                  
V601144             	4.0058              	190503-F4           	16                  
V601145             	3.9523              	190503-F4           	17                  
V601146             	4.0643              	190503-F4           	18                  
V601147             	3.9292              	190503-F4           	19                  
V601148             	4.0423              	190503-F4           	20                  
V601149             	3.9226              	190503-F4           	21                  
V601150             	3.9296              	190503-F4           	22                  
V601151             	3.9434              	190503-F4           	23                  
V601152             	3.9120              	190503-F4           	24                  
 
Process Completed!

End Time:	05/06/2019 16:42


Signature: ____________________________________
