Label Automator® with Weighing Option (version 5.20)

Start Time:	05/08/2019 10:57
Log File:  	201905081057.LOG
Process File:	C:\Bohdan\Automator\Proc\Glasdel2.prc
Operator ID:	Kalle

[GLOBAL SAMPLE PARAMETERS]
--- <Rack Location #01> 4 ml  Rack F1
    Rack ID: 190506-F1
    Sample Input File: C:\Bohdan\Automator\Proc\GLASS\Input\KI15.smp
--- <Rack Location #02> 4 ml  Rack F2
    Rack ID: 190506-F2
    Sample Input File: C:\Bohdan\Automator\Proc\GLASS\Input\KI15.smp
--- <Rack Location #03> 4 ml  Rack F3
    Rack ID: 190506-F3
    Sample Input File: C:\Bohdan\Automator\Proc\GLASS\Input\KI15.smp
--- <Rack Location #04> 4 ml  Rack F4
    Rack ID: 190506-F4
    Sample Input File: C:\Bohdan\Automator\Proc\GLASS\Input\KI15.smp

Report Format: K

[WEIGHT FORMAT]
Weight Unit: g
Weight Range: Coarse
 
[LABEL AND WEIGH]
Labeler Setup File: C:\Bohdan\Automator\Proc\K.par
 
bar code            	weight#1            	rack id             	sample position     
V601345             	4.0514              	190506-F1           	1                   
V601346             	3.8981              	190506-F1           	2                   
V601347             	3.9811              	190506-F1           	3                   
V601348             	3.9466              	190506-F1           	4                   
V601349             	3.9352              	190506-F1           	5                   
V601350             	4.0040              	190506-F1           	6                   
V601351             	3.9313              	190506-F1           	7                   
V601352             	3.9098              	190506-F1           	8                   
V601353             	3.9553              	190506-F1           	9                   
V601354             	3.9614              	190506-F1           	10                  
V601355             	3.9215              	190506-F1           	11                  
V601356             	4.0085              	190506-F1           	12                  
V601357             	3.9965              	190506-F1           	13                  
V601358             	4.0189              	190506-F1           	14                  
V601359             	3.9348              	190506-F1           	15                  
V601360             	3.9433              	190506-F1           	16                  
V601361             	3.9786              	190506-F1           	17                  
V601362             	3.9373              	190506-F1           	18                  
V601363             	3.9203              	190506-F1           	19                  
V601364             	3.9946              	190506-F1           	20                  
V601365             	4.0828              	190506-F1           	21                  
V601366             	4.0617              	190506-F1           	22                  
V601367             	3.9776              	190506-F1           	23                  
V601368             	4.0101              	190506-F1           	24                  
V601369             	3.9505              	190506-F2           	1                   
V601370             	4.0269              	190506-F2           	2                   
V601371             	4.0367              	190506-F2           	3                   
V601372             	3.9376              	190506-F2           	4                   
V601373             	3.9940              	190506-F2           	5                   
V601374             	4.0334              	190506-F2           	6                   
V601375             	4.0307              	190506-F2           	7                   
V601376             	4.0217              	190506-F2           	8                   
V601377             	3.9823              	190506-F2           	9                   
V601378             	3.9137              	190506-F2           	10                  
V601379             	3.9283              	190506-F2           	11                  
V601380             	3.9411              	190506-F2           	12                  
V601381             	4.0229              	190506-F2           	13                  
V601382             	3.9327              	190506-F2           	14                  
V601383             	3.9677              	190506-F2           	15                  
V601384             	4.0213              	190506-F2           	16                  
V601385             	3.9341              	190506-F2           	17                  
V601386             	3.9203              	190506-F2           	18                  
V601387             	3.9402              	190506-F2           	19                  
V601388             	3.9895              	190506-F2           	20                  
V601389             	3.9847              	190506-F2           	21                  
V601390             	3.9648              	190506-F2           	22                  
V601391             	3.9958              	190506-F2           	23                  
V601392             	3.9539              	190506-F2           	24                  
V601393             	3.9238              	190506-F3           	1                   
V601394             	3.9312              	190506-F3           	2                   
V601395             	3.9878              	190506-F3           	3                   
V601396             	3.9990              	190506-F3           	4                   
V601397             	3.9273              	190506-F3           	5                   
V601398             	4.0023              	190506-F3           	6                   
V601399             	4.0668              	190506-F3           	7                   
V601400             	4.0360              	190506-F3           	8                   
V601401             	4.0021              	190506-F3           	9                   
V601402             	3.9403              	190506-F3           	10                  
V601403             	3.9541              	190506-F3           	11                  
V601404             	3.9579              	190506-F3           	12                  
V601405             	4.0229              	190506-F3           	13                  
V601406             	4.0146              	190506-F3           	14                  
V601407             	4.0208              	190506-F3           	15                  
V601408             	4.0027              	190506-F3           	16                  
V601409             	3.9724              	190506-F3           	17                  
V601410             	4.0083              	190506-F3           	18                  
V601411             	4.0286              	190506-F3           	19                  
V601412             	4.0617              	190506-F3           	20                  
V601413             	3.9724              	190506-F3           	21                  
V601414             	3.9549              	190506-F3           	22                  
V601415             	4.0000              	190506-F3           	23                  
V601416             	4.0487              	190506-F3           	24                  
V601417             	4.0039              	190506-F4           	1                   
V601418             	3.9277              	190506-F4           	2                   
V601419             	4.0166              	190506-F4           	3                   
V601420             	4.0915              	190506-F4           	4                   
V601421             	4.0372              	190506-F4           	5                   
V601422             	3.9441              	190506-F4           	6                   
V601423             	3.9511              	190506-F4           	7                   
V601424             	3.9822              	190506-F4           	8                   
V601425             	3.9803              	190506-F4           	9                   
V601426             	3.9100              	190506-F4           	10                  
V601427             	4.0349              	190506-F4           	11                  
V601428             	3.9386              	190506-F4           	12                  
V601429             	4.0238              	190506-F4           	13                  
V601430             	4.0228              	190506-F4           	14                  
V601431             	3.9890              	190506-F4           	15                  
V601432             	3.9523              	190506-F4           	16                  
V601433             	4.0086              	190506-F4           	17                  
V601434             	3.9864              	190506-F4           	18                  
V601435             	3.9925              	190506-F4           	19                  
V601436             	4.0209              	190506-F4           	20                  
V601437             	4.0073              	190506-F4           	21                  
V601438             	4.0747              	190506-F4           	22                  
V601439             	4.0105              	190506-F4           	23                  
V601440             	3.8941              	190506-F4           	24                  
 
Process Completed!

End Time:	05/08/2019 13:02


Signature: ____________________________________
