Label Automator® with Weighing Option (version 5.20)

Start Time:	05/08/2019 13:07
Log File:  	201905081307.LOG
Process File:	C:\Bohdan\Automator\Proc\Glasdel2.prc
Operator ID:	Kalle

[GLOBAL SAMPLE PARAMETERS]
--- <Rack Location #01> 4 ml  Rack F1
    Rack ID: 190507-F1
    Sample Input File: C:\Bohdan\Automator\Proc\GLASS\Input\KI16.smp
--- <Rack Location #02> 4 ml  Rack F2
    Rack ID: 190507-F2
    Sample Input File: C:\Bohdan\Automator\Proc\GLASS\Input\KI16.smp
--- <Rack Location #03> 4 ml  Rack F3
    Rack ID: 190507-F3
    Sample Input File: C:\Bohdan\Automator\Proc\GLASS\Input\KI16.smp
--- <Rack Location #04> 4 ml  Rack F4
    Rack ID: 190507-F4
    Sample Input File: C:\Bohdan\Automator\Proc\GLASS\Input\KI16.smp

Report Format: K

[WEIGHT FORMAT]
Weight Unit: g
Weight Range: Coarse
 
[LABEL AND WEIGH]
Labeler Setup File: C:\Bohdan\Automator\Proc\K.par
 
bar code            	weight#1            	rack id             	sample position     
V601441             	3.9358              	190507-F1           	1                   
V601442             	4.0037              	190507-F1           	2                   
V601443             	4.0199              	190507-F1           	3                   
V601444             	3.9470              	190507-F1           	4                   
V601445             	3.9738              	190507-F1           	5                   
V601446             	3.8931              	190507-F1           	6                   
V601447             	3.9611              	190507-F1           	7                   
V601448             	3.9343              	190507-F1           	8                   
V601449             	4.0148              	190507-F1           	9                   
V601450             	3.9733              	190507-F1           	10                  
V601451             	3.9713              	190507-F1           	11                  
V601452             	4.0273              	190507-F1           	12                  
V601453             	4.0054              	190507-F1           	13                  
V601454             	3.9080              	190507-F1           	14                  
V601455             	4.0794              	190507-F1           	15                  
V601456             	3.9709              	190507-F1           	16                  
V601457             	4.0030              	190507-F1           	17                  
V601458             	4.0769              	190507-F1           	18                  
V601459             	3.9612              	190507-F1           	19                  
V601460             	3.9691              	190507-F1           	20                  
V601461             	3.9587              	190507-F1           	21                  
V601462             	3.9502              	190507-F1           	22                  
V601463             	4.0142              	190507-F1           	23                  
V601464             	3.9382              	190507-F1           	24                  
V601465             	3.9999              	190507-F2           	1                   
V601466             	3.9472              	190507-F2           	2                   
V601467             	4.0274              	190507-F2           	3                   
V601468             	3.8840              	190507-F2           	4                   
V601469             	3.9291              	190507-F2           	5                   
V601470             	3.8713              	190507-F2           	6                   
V601471             	4.0022              	190507-F2           	7                   
V601472             	3.9836              	190507-F2           	8                   
V601473             	3.9545              	190507-F2           	9                   
V601474             	3.9182              	190507-F2           	10                  
V601475             	4.0411              	190507-F2           	11                  
V601476             	3.9674              	190507-F2           	12                  
V601477             	4.0039              	190507-F2           	13                  
V601478             	4.0005              	190507-F2           	14                  
V601479             	3.9368              	190507-F2           	15                  
V601480             	3.9437              	190507-F2           	16                  
V601481             	4.0424              	190507-F2           	17                  
V601482             	3.9387              	190507-F2           	18                  
V601483             	4.0537              	190507-F2           	19                  
V601484             	3.9468              	190507-F2           	20                  
V601485             	4.0097              	190507-F2           	21                  
V601486             	3.9728              	190507-F2           	22                  
V601487             	4.0873              	190507-F2           	23                  
V601488             	3.9057              	190507-F2           	24                  
V601489             	4.0026              	190507-F3           	1                   
V601490             	3.9262              	190507-F3           	2                   
V601491             	3.9361              	190507-F3           	3                   
V601492             	3.9979              	190507-F3           	4                   
V601493             	4.0035              	190507-F3           	5                   
V601494             	3.9459              	190507-F3           	6                   
V601495             	3.9653              	190507-F3           	7                   
V601496             	4.0247              	190507-F3           	8                   
V601497             	4.0618              	190507-F3           	9                   
V601498             	4.0050              	190507-F3           	10                  
V601499             	3.9820              	190507-F3           	11                  
V601500             	3.9334              	190507-F3           	12                  
V601501             	4.0227              	190507-F3           	13                  
V601502             	3.9873              	190507-F3           	14                  
V601503             	4.0927              	190507-F3           	15                  
V601504             	3.9216              	190507-F3           	16                  
V601505             	4.0207              	190507-F3           	17                  
V601506             	3.9524              	190507-F3           	18                  
V601507             	3.9623              	190507-F3           	19                  
V601508             	4.0999              	190507-F3           	20                  
V601509             	3.9586              	190507-F3           	21                  
V601510             	4.0185              	190507-F3           	22                  
V601511             	4.0653              	190507-F3           	23                  
V601512             	3.9392              	190507-F3           	24                  
V601513             	3.9164              	190507-F4           	1                   
V601514             	3.9637              	190507-F4           	2                   
V601515             	4.0342              	190507-F4           	3                   
V601516             	3.9751              	190507-F4           	4                   
V601517             	3.9862              	190507-F4           	5                   
V601518             	4.0493              	190507-F4           	6                   
V601519             	4.0130              	190507-F4           	7                   
V601520             	4.0007              	190507-F4           	8                   
V601521             	3.9774              	190507-F4           	9                   
V601522             	3.9133              	190507-F4           	10                  
V601523             	3.9018              	190507-F4           	11                  
V601524             	4.0253              	190507-F4           	12                  
V601525             	4.1039              	190507-F4           	13                  
V601526             	3.9885              	190507-F4           	14                  
V601527             	3.9497              	190507-F4           	15                  
V601528             	4.0859              	190507-F4           	16                  
V601529             	3.9869              	190507-F4           	17                  
V601530             	3.9225              	190507-F4           	18                  
V601531             	4.0333              	190507-F4           	19                  
V601532             	4.0332              	190507-F4           	20                  
V601533             	3.9959              	190507-F4           	21                  
V601534             	3.9547              	190507-F4           	22                  
V601535             	4.0924              	190507-F4           	23                  
V601536             	3.9764              	190507-F4           	24                  
 
Process Completed!

End Time:	05/08/2019 15:12


Signature: ____________________________________
