Label Automator® with Weighing Option (version 5.20)

Start Time:	05/09/2019 11:42
Log File:  	201905091142.LOG
Process File:	C:\Bohdan\Automator\Proc\Glasdel2.prc
Operator ID:	Kalle

[GLOBAL SAMPLE PARAMETERS]
--- <Rack Location #01> 4 ml  Rack F1
    Rack ID: 190508-F1
    Sample Input File: C:\Bohdan\Automator\Proc\GLASS\Input\KI17.smp
--- <Rack Location #02> 4 ml  Rack F2
    Rack ID: 190508-F2
    Sample Input File: C:\Bohdan\Automator\Proc\GLASS\Input\KI17.smp
--- <Rack Location #03> 4 ml  Rack F3
    Rack ID: 190508-F3
    Sample Input File: C:\Bohdan\Automator\Proc\GLASS\Input\KI17.smp
--- <Rack Location #04> 4 ml  Rack F4
    Rack ID: 190508-F4
    Sample Input File: C:\Bohdan\Automator\Proc\GLASS\Input\KI17.smp

Report Format: K

[WEIGHT FORMAT]
Weight Unit: g
Weight Range: Coarse
 
[LABEL AND WEIGH]
Labeler Setup File: C:\Bohdan\Automator\Proc\K.par
 
bar code            	weight#1            	rack id             	sample position     
V601537             	4.0290              	190508-F1           	1                   
V601538             	3.9145              	190508-F1           	2                   
V601539             	4.0276              	190508-F1           	3                   
V601540             	3.9764              	190508-F1           	4                   
V601541             	3.9216              	190508-F1           	5                   
V601542             	4.0306              	190508-F1           	6                   
V601543             	3.9989              	190508-F1           	7                   
V601544             	4.0669              	190508-F1           	8                   
V601545             	3.9542              	190508-F1           	9                   
V601546             	3.9717              	190508-F1           	10                  
V601547             	4.0278              	190508-F1           	11                  
V601548             	4.0493              	190508-F1           	12                  
V601549             	4.0325              	190508-F1           	13                  
V601550             	3.8858              	190508-F1           	14                  
V601551             	3.9436              	190508-F1           	15                  
V601552             	3.9447              	190508-F1           	16                  
V601553             	4.0020              	190508-F1           	17                  
V601554             	3.9184              	190508-F1           	18                  
V601555             	4.0561              	190508-F1           	19                  
V601556             	3.9476              	190508-F1           	20                  
V601557             	3.9804              	190508-F1           	21                  
V601558             	3.9665              	190508-F1           	22                  
V601559             	4.0181              	190508-F1           	23                  
V601560             	3.9671              	190508-F1           	24                  
V601561             	3.9475              	190508-F2           	1                   
V601562             	4.0207              	190508-F2           	2                   
V601563             	3.9930              	190508-F2           	3                   
V601564             	3.9591              	190508-F2           	4                   
V601565             	4.0714              	190508-F2           	5                   
V601566             	3.9400              	190508-F2           	6                   
V601567             	3.9216              	190508-F2           	7                   
V601568             	4.0762              	190508-F2           	8                   
V601569             	3.9153              	190508-F2           	9                   
V601570             	4.0408              	190508-F2           	10                  
V601571             	3.9610              	190508-F2           	11                  
V601572             	4.0334              	190508-F2           	12                  
V601573             	3.9562              	190508-F2           	13                  
V601574             	4.0104              	190508-F2           	14                  
V601575             	3.9192              	190508-F2           	15                  
V601576             	4.0050              	190508-F2           	16                  
V601577             	4.0174              	190508-F2           	17                  
V601578             	4.0591              	190508-F2           	18                  
V601579             	4.0329              	190508-F2           	19                  
V601580             	3.9543              	190508-F2           	20                  
V601581             	3.9688              	190508-F2           	21                  
V601582             	4.0197              	190508-F2           	22                  
V601583             	3.9944              	190508-F2           	23                  
V601584             	4.0195              	190508-F2           	24                  
V601585             	3.9069              	190508-F3           	1                   
V601586             	3.9807              	190508-F3           	2                   
V601587             	3.9140              	190508-F3           	3                   
V601588             	3.9141              	190508-F3           	4                   
V601589             	4.0276              	190508-F3           	5                   
V601590             	3.9508              	190508-F3           	6                   
V601591             	3.9919              	190508-F3           	7                   
V601592             	3.9447              	190508-F3           	8                   
V601593             	3.9733              	190508-F3           	9                   
V601594             	3.9529              	190508-F3           	10                  
V601595             	3.8923              	190508-F3           	11                  
V601596             	4.0559              	190508-F3           	12                  
V601597             	3.9315              	190508-F3           	13                  
V601598             	3.9671              	190508-F3           	14                  
V601599             	4.0277              	190508-F3           	15                  
V601600             	3.9597              	190508-F3           	16                  
V601601             	4.0377              	190508-F3           	17                  
V601602             	4.0627              	190508-F3           	18                  
V601603             	4.0240              	190508-F3           	19                  
V601604             	3.9731              	190508-F3           	20                  
V601605             	3.9541              	190508-F3           	21                  
V601606             	4.0152              	190508-F3           	22                  
V601607             	3.9206              	190508-F3           	23                  
V601608             	4.1082              	190508-F3           	24                  
V601609             	3.9742              	190508-F4           	1                   
V601610             	3.9898              	190508-F4           	2                   
V601611             	3.9979              	190508-F4           	3                   
V601612             	4.0212              	190508-F4           	4                   
V601613             	4.0421              	190508-F4           	5                   
V601614             	4.0237              	190508-F4           	6                   
V601615             	3.8884              	190508-F4           	7                   
V601616             	3.9285              	190508-F4           	8                   
V601617             	3.9196              	190508-F4           	9                   
V601618             	4.0053              	190508-F4           	10                  
V601619             	4.0004              	190508-F4           	11                  
V601620             	4.0610              	190508-F4           	12                  
V601621             	3.9101              	190508-F4           	13                  
V601622             	4.0208              	190508-F4           	14                  
V601623             	4.0298              	190508-F4           	15                  
V601624             	3.9549              	190508-F4           	16                  
V601625             	3.9145              	190508-F4           	17                  
V601626             	3.9759              	190508-F4           	18                  
V601627             	3.9466              	190508-F4           	19                  
V601628             	3.9549              	190508-F4           	20                  
V601629             	3.9324              	190508-F4           	21                  
V601630             	3.9517              	190508-F4           	22                  
V601631             	3.9192              	190508-F4           	23                  
V601632             	4.0238              	190508-F4           	24                  
 
Process Completed!

End Time:	05/09/2019 13:47


Signature: ____________________________________
