Label Automator® with Weighing Option (version 5.20)

Start Time:	05/09/2019 14:18
Log File:  	201905091418.LOG
Process File:	C:\Bohdan\Automator\Proc\Glasdel2.prc
Operator ID:	Kalle

[GLOBAL SAMPLE PARAMETERS]
--- <Rack Location #01> 4 ml  Rack F1
    Rack ID: 190509-F1
    Sample Input File: C:\Bohdan\Automator\Proc\GLASS\Input\KI18.smp
--- <Rack Location #02> 4 ml  Rack F2
    Rack ID: 190509-F2
    Sample Input File: C:\Bohdan\Automator\Proc\GLASS\Input\KI18.smp
--- <Rack Location #03> 4 ml  Rack F3
    Rack ID: 190509-F3
    Sample Input File: C:\Bohdan\Automator\Proc\GLASS\Input\KI18.smp
--- <Rack Location #04> 4 ml  Rack F4
    Rack ID: 190509-F4
    Sample Input File: C:\Bohdan\Automator\Proc\GLASS\Input\KI18.smp

Report Format: K

[WEIGHT FORMAT]
Weight Unit: g
Weight Range: Coarse
 
[LABEL AND WEIGH]
Labeler Setup File: C:\Bohdan\Automator\Proc\K.par
 
bar code            	weight#1            	rack id             	sample position     
V601633             	3.9495              	190509-F1           	1                   
V601634             	3.9576              	190509-F1           	2                   
V601635             	3.9622              	190509-F1           	3                   
V601636             	3.9239              	190509-F1           	4                   
V601637             	4.0445              	190509-F1           	5                   
V601638             	3.9597              	190509-F1           	6                   
V601639             	4.0616              	190509-F1           	7                   
V601640             	4.0339              	190509-F1           	8                   
V601641             	3.9696              	190509-F1           	9                   
V601642             	3.9074              	190509-F1           	10                  
V601643             	3.9641              	190509-F1           	11                  
V601644             	3.9570              	190509-F1           	12                  
V601645             	4.0381              	190509-F1           	13                  
V601646             	3.9949              	190509-F1           	14                  
V601647             	4.0049              	190509-F1           	15                  
V601648             	3.9700              	190509-F1           	16                  
V601649             	3.8885              	190509-F1           	17                  
V601650             	3.9786              	190509-F1           	18                  
V601651             	4.0189              	190509-F1           	19                  
V601652             	3.9123              	190509-F1           	20                  
V601653             	4.0244              	190509-F1           	21                  
V601654             	4.0254              	190509-F1           	22                  
V601655             	3.9516              	190509-F1           	23                  
V601656             	4.0022              	190509-F1           	24                  
V601657             	3.9348              	190509-F2           	1                   
V601658             	3.9254              	190509-F2           	2                   
V601659             	3.9453              	190509-F2           	3                   
V601660             	4.0171              	190509-F2           	4                   
V601661             	4.0311              	190509-F2           	5                   
V601662             	3.9661              	190509-F2           	6                   
V601663             	4.0199              	190509-F2           	7                   
V601664             	3.9627              	190509-F2           	8                   
V601665             	4.0419              	190509-F2           	9                   
V601666             	4.0635              	190509-F2           	10                  
V601667             	3.9248              	190509-F2           	11                  
V601668             	3.9548              	190509-F2           	12                  
V601669             	4.0240              	190509-F2           	13                  
V601670             	4.1212              	190509-F2           	14                  
V601671             	4.0316              	190509-F2           	15                  
V601672             	3.9814              	190509-F2           	16                  
V601673             	3.9942              	190509-F2           	17                  
V601674             	3.9460              	190509-F2           	18                  
V601675             	4.0104              	190509-F2           	19                  
V601676             	4.0327              	190509-F2           	20                  
V601677             	4.0382              	190509-F2           	21                  
V601678             	3.9400              	190509-F2           	22                  
V601679             	3.9330              	190509-F2           	23                  
V601680             	4.0089              	190509-F2           	24                  
V601681             	3.9235              	190509-F3           	1                   
V601682             	4.0061              	190509-F3           	2                   
V601683             	3.9907              	190509-F3           	3                   
V601684             	3.9400              	190509-F3           	4                   
V601685             	3.9531              	190509-F3           	5                   
V601686             	4.0389              	190509-F3           	6                   
V601687             	4.0292              	190509-F3           	7                   
V601688             	3.9657              	190509-F3           	8                   
V601689             	3.9159              	190509-F3           	9                   
V601690             	4.0454              	190509-F3           	10                  
V601691             	4.0419              	190509-F3           	11                  
V601692             	3.9477              	190509-F3           	12                  
V601693             	3.9621              	190509-F3           	13                  
V601694             	3.9342              	190509-F3           	14                  
V601695             	3.9436              	190509-F3           	15                  
V601696             	4.0048              	190509-F3           	16                  
V601697             	4.0060              	190509-F3           	17                  
V601698             	3.9564              	190509-F3           	18                  
V601699             	4.0112              	190509-F3           	19                  
V601700             	4.0282              	190509-F3           	20                  
V601701             	3.9424              	190509-F3           	21                  
V601702             	4.0312              	190509-F3           	22                  
V601703             	3.9338              	190509-F3           	23                  
V601704             	3.9265              	190509-F3           	24                  
V601705             	4.0711              	190509-F4           	1                   
V601706             	3.9919              	190509-F4           	2                   
V601707             	3.9405              	190509-F4           	3                   
V601708             	4.0257              	190509-F4           	4                   
V601709             	4.0185              	190509-F4           	5                   
V601710             	4.0295              	190509-F4           	6                   
V601711             	3.9468              	190509-F4           	7                   
V601712             	3.9816              	190509-F4           	8                   
V601713             	4.0151              	190509-F4           	9                   
V601714             	3.9139              	190509-F4           	10                  
V601715             	4.0155              	190509-F4           	11                  
V601716             	3.9182              	190509-F4           	12                  
V601717             	3.9537              	190509-F4           	13                  
V601718             	4.0338              	190509-F4           	14                  
V601719             	3.9603              	190509-F4           	15                  
V601720             	4.0434              	190509-F4           	16                  
V601721             	3.9574              	190509-F4           	17                  
V601722             	3.9626              	190509-F4           	18                  
V601723             	4.0193              	190509-F4           	19                  
V601724             	3.9852              	190509-F4           	20                  
V601725             	3.8873              	190509-F4           	21                  
V601726             	4.0197              	190509-F4           	22                  
V601727             	3.9125              	190509-F4           	23                  
V601728             	3.9211              	190509-F4           	24                  
 
Process Completed!

End Time:	05/09/2019 16:23


Signature: ____________________________________
