Label Automator® with Weighing Option (version 5.20)

Start Time:	06/03/2019 13:03
Log File:  	201906031303.LOG
Process File:	C:\Bohdan\Automator\Proc\Glasdel2.prc
Operator ID:	Kalle

[GLOBAL SAMPLE PARAMETERS]
--- <Rack Location #01> 4 ml  Rack F1
    Rack ID: 190601-F1
    Sample Input File: C:\Bohdan\Automator\Proc\GLASS\Input\SciL06.smp
--- <Rack Location #02> 4 ml  Rack F2
    Rack ID: 190601-F2
    Sample Input File: C:\Bohdan\Automator\Proc\GLASS\Input\SciL06.smp
--- <Rack Location #03> 4 ml  Rack F3
    Rack ID: 190601-F3
    Sample Input File: C:\Bohdan\Automator\Proc\GLASS\Input\SciL06.smp
--- <Rack Location #04> 4 ml  Rack F4
    Rack ID: 190601-F4
    Sample Input File: C:\Bohdan\Automator\Proc\GLASS\Input\SciL06.smp

Report Format: K

[WEIGHT FORMAT]
Weight Unit: g
Weight Range: Coarse
 
[LABEL AND WEIGH]
Labeler Setup File: C:\Bohdan\Automator\Proc\K.par
 
bar code            	weight#1            	rack id             	sample position     
V602481             	3.9172              	190601-F1           	1                   
V602482             	3.9413              	190601-F1           	2                   
V602483             	3.9437              	190601-F1           	3                   
V602484             	3.8832              	190601-F1           	4                   
V602485             	3.9626              	190601-F1           	5                   
V602486             	3.8753              	190601-F1           	6                   
V602487             	3.9876              	190601-F1           	7                   
V602488             	3.9726              	190601-F1           	8                   
V602489             	3.9890              	190601-F1           	9                   
V602490             	4.0095              	190601-F1           	10                  
V602491             	4.0027              	190601-F1           	11                  
V602492             	4.0324              	190601-F1           	12                  
V602493             	3.9696              	190601-F1           	13                  
V602494             	3.9179              	190601-F1           	14                  
V602495             	4.0074              	190601-F1           	15                  
V602496             	4.0219              	190601-F1           	16                  
V602497             	3.9543              	190601-F1           	17                  
V602498             	3.9243              	190601-F1           	18                  
V602499             	3.9850              	190601-F1           	19                  
V602500             	4.0337              	190601-F1           	20                  
V602501             	3.9719              	190601-F1           	21                  
V602502             	4.0236              	190601-F1           	22                  
V602503             	3.9251              	190601-F1           	23                  
V602504             	4.0439              	190601-F1           	24                  
V602505             	4.0280              	190601-F2           	1                   
V602506             	3.9799              	190601-F2           	2                   
V602507             	3.9762              	190601-F2           	3                   
V602508             	3.9704              	190601-F2           	4                   
V602509             	3.9299              	190601-F2           	5                   
V602510             	3.9407              	190601-F2           	6                   
V602511             	4.0015              	190601-F2           	7                   
V602512             	3.9999              	190601-F2           	8                   
V602513             	3.9941              	190601-F2           	9                   
V602514             	3.9527              	190601-F2           	10                  
V602515             	4.0040              	190601-F2           	11                  
V602516             	3.9915              	190601-F2           	12                  
V602517             	3.9699              	190601-F2           	13                  
V602518             	3.9396              	190601-F2           	14                  
V602519             	4.0046              	190601-F2           	15                  
V602520             	3.9358              	190601-F2           	16                  
V602521             	3.9310              	190601-F2           	17                  
V602522             	4.0439              	190601-F2           	18                  
V602523             	4.0726              	190601-F2           	19                  
V602524             	3.9931              	190601-F2           	20                  
V602525             	4.0206              	190601-F2           	21                  
V602526             	4.0226              	190601-F2           	22                  
V602527             	3.9500              	190601-F2           	23                  
V602528             	3.9219              	190601-F2           	24                  
V602529             	4.0148              	190601-F3           	1                   
V602530             	3.9937              	190601-F3           	2                   
V602531             	3.8950              	190601-F3           	3                   
V602532             	3.9449              	190601-F3           	4                   
V602533             	4.0368              	190601-F3           	5                   
V602534             	3.9986              	190601-F3           	6                   
V602535             	3.9431              	190601-F3           	7                   
V602536             	3.9215              	190601-F3           	8                   
V602537             	4.0215              	190601-F3           	9                   
V602538             	3.9191              	190601-F3           	10                  
V602539             	3.9115              	190601-F3           	11                  
V602540             	3.9064              	190601-F3           	12                  
V602541             	3.9124              	190601-F3           	13                  
V602542             	3.9944              	190601-F3           	14                  
V602543             	4.0042              	190601-F3           	15                  
V602544             	3.9769              	190601-F3           	16                  
V602545             	4.0123              	190601-F3           	17                  
V602546             	4.0333              	190601-F3           	18                  
V602547             	4.0511              	190601-F3           	19                  
V602548             	3.9179              	190601-F3           	20                  
V602549             	3.9848              	190601-F3           	21                  
V602550             	3.9566              	190601-F3           	22                  
V602551             	3.8895              	190601-F3           	23                  
V602552             	3.9140              	190601-F3           	24                  
V602553             	4.0262              	190601-F4           	1                   
V602554             	3.9749              	190601-F4           	2                   
V602555             	3.9916              	190601-F4           	3                   
V602556             	4.0427              	190601-F4           	4                   
V602557             	3.9113              	190601-F4           	5                   
V602558             	4.0573              	190601-F4           	6                   
V602559             	3.9506              	190601-F4           	7                   
V602560             	3.9927              	190601-F4           	8                   
V602561             	3.9250              	190601-F4           	9                   
V602562             	3.9456              	190601-F4           	10                  
V602563             	3.9468              	190601-F4           	11                  
V602564             	3.9633              	190601-F4           	12                  
V602565             	4.0253              	190601-F4           	13                  
V602566             	3.9324              	190601-F4           	14                  
V602567             	4.0117              	190601-F4           	15                  
V602568             	3.9647              	190601-F4           	16                  
V602569             	4.0411              	190601-F4           	17                  
V602570             	3.9848              	190601-F4           	18                  
V602571             	3.9577              	190601-F4           	19                  
V602572             	3.8962              	190601-F4           	20                  
V602573             	3.9275              	190601-F4           	21                  
V602574             	3.9790              	190601-F4           	22                  
V602575             	4.0272              	190601-F4           	23                  
V602576             	3.9380              	190601-F4           	24                  
 
Process Completed!

End Time:	06/03/2019 15:10


Signature: ____________________________________
