Label Automator® with Weighing Option (version 5.20)

Start Time:	06/18/2019 10:40
Log File:  	201906181040.LOG
Process File:	C:\Bohdan\Automator\Proc\Glasdel2.prc
Operator ID:	Kalle

[GLOBAL SAMPLE PARAMETERS]
--- <Rack Location #01> 4 ml  Rack F1
    Rack ID: 190617-F1
    Sample Input File: C:\Bohdan\Automator\Proc\GLASS\Input\SciL17.smp
--- <Rack Location #02> 4 ml  Rack F2
    Rack ID: 190617-F2
    Sample Input File: C:\Bohdan\Automator\Proc\GLASS\Input\SciL17.smp
--- <Rack Location #03> 4 ml  Rack F3
    Rack ID: 190617-F3
    Sample Input File: C:\Bohdan\Automator\Proc\GLASS\Input\SciL17.smp
--- <Rack Location #04> 4 ml  Rack F4
    Rack ID: 190617-F4
    Sample Input File: C:\Bohdan\Automator\Proc\GLASS\Input\SciL17.smp

Report Format: K

[WEIGHT FORMAT]
Weight Unit: g
Weight Range: Coarse
 
[LABEL AND WEIGH]
Labeler Setup File: C:\Bohdan\Automator\Proc\K.par
 
bar code            	weight#1            	rack id             	sample position     
V603537             	3.9515              	190617-F1           	1                   
V603538             	3.9461              	190617-F1           	2                   
V603539             	3.9662              	190617-F1           	3                   
V603540             	4.0600              	190617-F1           	4                   
V603541             	3.9712              	190617-F1           	5                   
V603542             	4.0350              	190617-F1           	6                   
V603543             	3.9762              	190617-F1           	7                   
V603544             	4.0257              	190617-F1           	8                   
V603545             	4.1101              	190617-F1           	9                   
V603546             	3.9278              	190617-F1           	10                  
V603547             	4.0130              	190617-F1           	11                  
V603548             	4.0634              	190617-F1           	12                  
V603549             	4.0344              	190617-F1           	13                  
V603550             	4.0550              	190617-F1           	14                  
V603551             	4.0492              	190617-F1           	15                  
V603552             	3.9526              	190617-F1           	16                  
V603553             	4.0391              	190617-F1           	17                  
V603554             	3.9502              	190617-F1           	18                  
V603555             	3.9633              	190617-F1           	19                  
V603556             	4.0214              	190617-F1           	20                  
V603557             	3.9465              	190617-F1           	21                  
V603558             	4.0523              	190617-F1           	22                  
V603559             	3.9417              	190617-F1           	23                  
V603560             	4.0389              	190617-F1           	24                  
V603561             	3.9588              	190617-F2           	1                   
V603562             	3.9441              	190617-F2           	2                   
V603563             	3.9026              	190617-F2           	3                   
V603564             	3.9868              	190617-F2           	4                   
V603565             	3.9712              	190617-F2           	5                   
V603566             	4.0049              	190617-F2           	6                   
V603567             	3.9967              	190617-F2           	7                   
V603568             	3.9071              	190617-F2           	8                   
V603569             	4.0115              	190617-F2           	9                   
V603570             	4.0610              	190617-F2           	10                  
V603571             	4.0026              	190617-F2           	11                  
V603572             	4.0022              	190617-F2           	12                  
V603573             	4.0697              	190617-F2           	13                  
V603574             	4.0208              	190617-F2           	14                  
V603575             	3.9747              	190617-F2           	15                  
V603576             	3.9870              	190617-F2           	16                  
V603577             	3.9974              	190617-F2           	17                  
V603578             	4.0236              	190617-F2           	18                  
V603579             	3.9125              	190617-F2           	19                  
V603580             	4.0616              	190617-F2           	20                  
V603581             	3.9598              	190617-F2           	21                  
V603582             	4.0196              	190617-F2           	22                  
V603583             	3.9479              	190617-F2           	23                  
V603584             	4.0973              	190617-F2           	24                  
V603585             	3.9330              	190617-F3           	1                   
V603586             	3.9324              	190617-F3           	2                   
V603587             	3.9206              	190617-F3           	3                   
V603588             	3.9264              	190617-F3           	4                   
V603589             	3.9933              	190617-F3           	5                   
V603590             	3.9458              	190617-F3           	6                   
V603591             	3.9710              	190617-F3           	7                   
V603592             	4.0397              	190617-F3           	8                   
V603593             	3.9958              	190617-F3           	9                   
V603594             	4.0274              	190617-F3           	10                  
V603595             	3.8914              	190617-F3           	11                  
V603596             	3.9149              	190617-F3           	12                  
V603597             	4.0084              	190617-F3           	13                  
V603598             	4.0075              	190617-F3           	14                  
V603599             	3.9925              	190617-F3           	15                  
V603600             	3.9970              	190617-F3           	16                  
V603601             	4.0586              	190617-F3           	17                  
V603602             	3.9619              	190617-F3           	18                  
V603603             	4.0287              	190617-F3           	19                  
V603604             	3.9665              	190617-F3           	20                  
V603605             	4.0167              	190617-F3           	21                  
V603606             	3.9546              	190617-F3           	22                  
V603607             	4.0031              	190617-F3           	23                  
V603608             	3.9595              	190617-F3           	24                  
V603609             	3.9332              	190617-F4           	1                   
V603610             	3.9981              	190617-F4           	2                   
V603611             	3.9086              	190617-F4           	3                   
V603612             	4.0145              	190617-F4           	4                   
V603613             	4.0229              	190617-F4           	5                   
V603614             	3.9228              	190617-F4           	6                   
V603615             	4.0165              	190617-F4           	7                   
V603616             	3.9132              	190617-F4           	8                   
V603617             	3.8587              	190617-F4           	9                   
V603618             	4.0141              	190617-F4           	10                  
V603619             	3.9668              	190617-F4           	11                  
V603620             	3.9403              	190617-F4           	12                  
V603621             	3.9108              	190617-F4           	13                  
V603622             	3.9991              	190617-F4           	14                  
V603623             	3.9471              	190617-F4           	15                  
V603624             	3.9091              	190617-F4           	16                  
V603625             	4.0092              	190617-F4           	17                  
V603626             	3.9332              	190617-F4           	18                  
V603627             	3.9437              	190617-F4           	19                  
V603628             	3.9818              	190617-F4           	20                  
V603629             	3.9537              	190617-F4           	21                  
V603630             	4.0099              	190617-F4           	22                  
V603631             	3.9993              	190617-F4           	23                  
V603632             	4.0082              	190617-F4           	24                  
 
Process Completed!

End Time:	06/18/2019 12:46


Signature: ____________________________________
