Label Automator® with Weighing Option (version 5.20)

Start Time:	06/13/2019 10:29
Log File:  	201906131029.LOG
Process File:	C:\Bohdan\Automator\Proc\Glasdel2.prc
Operator ID:	Kalle

[GLOBAL SAMPLE PARAMETERS]
--- <Rack Location #01> 4 ml  Rack F1
    Rack ID: 190610-F1
    Sample Input File: C:\Bohdan\Automator\Proc\GLASS\Input\SciL15.smp
--- <Rack Location #02> 4 ml  Rack F2
    Rack ID: 190610-F2
    Sample Input File: C:\Bohdan\Automator\Proc\GLASS\Input\SciL15.smp
--- <Rack Location #03> 4 ml  Rack F3
    Rack ID: 190610-F3
    Sample Input File: C:\Bohdan\Automator\Proc\GLASS\Input\SciL15.smp
--- <Rack Location #04> 4 ml  Rack F4
    Rack ID: 190610-F4
    Sample Input File: C:\Bohdan\Automator\Proc\GLASS\Input\SciL15.smp

Report Format: K

[WEIGHT FORMAT]
Weight Unit: g
Weight Range: Coarse
 
[LABEL AND WEIGH]
Labeler Setup File: C:\Bohdan\Automator\Proc\K.par
 
bar code            	weight#1            	rack id             	sample position     
V603345             	3.9309              	190610-F1           	1                   
V603346             	3.9992              	190610-F1           	2                   
V603347             	3.9245              	190610-F1           	3                   
V603348             	3.9154              	190610-F1           	4                   
V603349             	3.9316              	190610-F1           	5                   
V603350             	3.9256              	190610-F1           	6                   
V603351             	3.9110              	190610-F1           	7                   
V603352             	4.0396              	190610-F1           	8                   
V603353             	3.8956              	190610-F1           	9                   
V603354             	4.0166              	190610-F1           	10                  
V603355             	3.8975              	190610-F1           	11                  
V603356             	4.0130              	190610-F1           	12                  
V603357             	3.9916              	190610-F1           	13                  
V603358             	4.0308              	190610-F1           	14                  
V603359             	4.0405              	190610-F1           	15                  
V603360             	3.9330              	190610-F1           	16                  
V603361             	3.9982              	190610-F1           	17                  
V603362             	4.0339              	190610-F1           	18                  
V603363             	3.9528              	190610-F1           	19                  
V603364             	3.9384              	190610-F1           	20                  
V603365             	3.9684              	190610-F1           	21                  
V603366             	3.9952              	190610-F1           	22                  
V603367             	3.9916              	190610-F1           	23                  
V603368             	4.0142              	190610-F1           	24                  
V603369             	3.9223              	190610-F2           	1                   
V603370             	3.9273              	190610-F2           	2                   
V603371             	4.0042              	190610-F2           	3                   
V603372             	3.9461              	190610-F2           	4                   
V603373             	4.0412              	190610-F2           	5                   
V603374             	3.9252              	190610-F2           	6                   
V603375             	3.9280              	190610-F2           	7                   
V603376             	4.0061              	190610-F2           	8                   
V603377             	3.9111              	190610-F2           	9                   
V603378             	4.0236              	190610-F2           	10                  
V603379             	4.0769              	190610-F2           	11                  
V603380             	3.9294              	190610-F2           	12                  
V603381             	3.9930              	190610-F2           	13                  
V603382             	3.9426              	190610-F2           	14                  
V603383             	3.9878              	190610-F2           	15                  
V603384             	4.0140              	190610-F2           	16                  
V603385             	3.8851              	190610-F2           	17                  
V603386             	3.9995              	190610-F2           	18                  
V603387             	3.9616              	190610-F2           	19                  
V603388             	3.9513              	190610-F2           	20                  
V603389             	3.9327              	190610-F2           	21                  
V603390             	3.9551              	190610-F2           	22                  
V603391             	3.9230              	190610-F2           	23                  
V603392             	3.9585              	190610-F2           	24                  
V603393             	3.9333              	190610-F3           	1                   
V603394             	3.9156              	190610-F3           	2                   
V603395             	4.0107              	190610-F3           	3                   
V603396             	3.9718              	190610-F3           	4                   
V603397             	4.0007              	190610-F3           	5                   
V603398             	3.9794              	190610-F3           	6                   
V603399             	3.9443              	190610-F3           	7                   
V603400             	3.9357              	190610-F3           	8                   
V603401             	3.9874              	190610-F3           	9                   
V603402             	3.9893              	190610-F3           	10                  
V603403             	3.9272              	190610-F3           	11                  
V603404             	3.9593              	190610-F3           	12                  
V603405             	3.9220              	190610-F3           	13                  
V603406             	4.0058              	190610-F3           	14                  
V603407             	3.9363              	190610-F3           	15                  
V603408             	3.9355              	190610-F3           	16                  
V603409             	3.9190              	190610-F3           	17                  
V603410             	3.9726              	190610-F3           	18                  
V603411             	3.9976              	190610-F3           	19                  
V603412             	4.0197              	190610-F3           	20                  
V603413             	3.9996              	190610-F3           	21                  
V603414             	3.9404              	190610-F3           	22                  
V603415             	4.0302              	190610-F3           	23                  
V603416             	3.9114              	190610-F3           	24                  
V603417             	3.9137              	190610-F4           	1                   
V603418             	4.0192              	190610-F4           	2                   
V603419             	3.8868              	190610-F4           	3                   
V603420             	3.9906              	190610-F4           	4                   
V603421             	4.0385              	190610-F4           	5                   
V603422             	4.0056              	190610-F4           	6                   
V603423             	4.0167              	190610-F4           	7                   
V603424             	4.0421              	190610-F4           	8                   
V603425             	3.9321              	190610-F4           	9                   
V603426             	4.0474              	190610-F4           	10                  
V603427             	3.9155              	190610-F4           	11                  
V603428             	4.0729              	190610-F4           	12                  
V603429             	4.0761              	190610-F4           	13                  
V603430             	4.0641              	190610-F4           	14                  
V603431             	4.0427              	190610-F4           	15                  
V603432             	4.0191              	190610-F4           	16                  
V603433             	3.9889              	190610-F4           	17                  
V603434             	3.9506              	190610-F4           	18                  
V603435             	3.9504              	190610-F4           	19                  
V603436             	4.0359              	190610-F4           	20                  
V603437             	4.0098              	190610-F4           	21                  
V603438             	3.9440              	190610-F4           	22                  
V603439             	4.0118              	190610-F4           	23                  
V603440             	4.0123              	190610-F4           	24                  
 
Process Completed!

End Time:	06/13/2019 12:36


Signature: ____________________________________
