Label Automator® with Weighing Option (version 5.20)

Start Time:	06/11/2019 09:54
Log File:  	201906110954.LOG
Process File:	C:\Bohdan\Automator\Proc\Glasdel2.prc
Operator ID:	Kalle

[GLOBAL SAMPLE PARAMETERS]
--- <Rack Location #01> 4 ml  Rack F1
    Rack ID: 190607-F1
    Sample Input File: C:\Bohdan\Automator\Proc\GLASS\Input\SciL12.smp
--- <Rack Location #02> 4 ml  Rack F2
    Rack ID: 190607-F2
    Sample Input File: C:\Bohdan\Automator\Proc\GLASS\Input\SciL12.smp
--- <Rack Location #03> 4 ml  Rack F3
    Rack ID: 190607-F3
    Sample Input File: C:\Bohdan\Automator\Proc\GLASS\Input\SciL12.smp
--- <Rack Location #04> 4 ml  Rack F4
    Rack ID: 190607-F4
    Sample Input File: C:\Bohdan\Automator\Proc\GLASS\Input\SciL12.smp

Report Format: K

[WEIGHT FORMAT]
Weight Unit: g
Weight Range: Coarse
 
[LABEL AND WEIGH]
Labeler Setup File: C:\Bohdan\Automator\Proc\K.par
 
bar code            	weight#1            	rack id             	sample position     
V603057             	4.0317              	190607-F1           	1                   
V603058             	3.9786              	190607-F1           	2                   
V603059             	4.0286              	190607-F1           	3                   
V603060             	4.0081              	190607-F1           	4                   
V603061             	3.9403              	190607-F1           	5                   
V603062             	4.0570              	190607-F1           	6                   
V603063             	3.9367              	190607-F1           	7                   
V603064             	4.0515              	190607-F1           	8                   
V603065             	3.9868              	190607-F1           	9                   
V603066             	3.9872              	190607-F1           	10                  
V603067             	3.9845              	190607-F1           	11                  
V603068             	3.9637              	190607-F1           	12                  
V603069             	4.0524              	190607-F1           	13                  
V603070             	3.9635              	190607-F1           	14                  
V603071             	4.0268              	190607-F1           	15                  
V603072             	4.0486              	190607-F1           	16                  
V603073             	3.9917              	190607-F1           	17                  
V603074             	3.9103              	190607-F1           	18                  
V603075             	4.0629              	190607-F1           	19                  
V603076             	4.0329              	190607-F1           	20                  
V603077             	3.8959              	190607-F1           	21                  
V603078             	3.9478              	190607-F1           	22                  
V603079             	3.9580              	190607-F1           	23                  
V603080             	3.9152              	190607-F1           	24                  
V603081             	4.0502              	190607-F2           	1                   
V603082             	3.9043              	190607-F2           	2                   
V603083             	3.9718              	190607-F2           	3                   
V603084             	3.9182              	190607-F2           	4                   
V603085             	3.9186              	190607-F2           	5                   
V603086             	3.9501              	190607-F2           	6                   
V603087             	3.9807              	190607-F2           	7                   
V603088             	3.9435              	190607-F2           	8                   
V603089             	4.0299              	190607-F2           	9                   
V603090             	4.0203              	190607-F2           	10                  
V603091             	4.0171              	190607-F2           	11                  
V603092             	3.9101              	190607-F2           	12                  
V603093             	3.9284              	190607-F2           	13                  
V603094             	4.0516              	190607-F2           	14                  
V603095             	3.9572              	190607-F2           	15                  
V603096             	3.9251              	190607-F2           	16                  
V603097             	3.8956              	190607-F2           	17                  
V603098             	3.9392              	190607-F2           	18                  
V603099             	3.9537              	190607-F2           	19                  
V603100             	3.9931              	190607-F2           	20                  
V603101             	3.9336              	190607-F2           	21                  
V603102             	4.0552              	190607-F2           	22                  
V603103             	4.0386              	190607-F2           	23                  
V603104             	3.9822              	190607-F2           	24                  
V603105             	4.0629              	190607-F3           	1                   
V603106             	3.9676              	190607-F3           	2                   
V603107             	3.9292              	190607-F3           	3                   
V603108             	3.9769              	190607-F3           	4                   
V603109             	3.9934              	190607-F3           	5                   
V603110             	3.9344              	190607-F3           	6                   
V603111             	3.9058              	190607-F3           	7                   
V603112             	3.9921              	190607-F3           	8                   
V603113             	4.0350              	190607-F3           	9                   
V603114             	3.9820              	190607-F3           	10                  
V603115             	4.0101              	190607-F3           	11                  
V603116             	3.9206              	190607-F3           	12                  
V603117             	3.9440              	190607-F3           	13                  
V603118             	3.9905              	190607-F3           	14                  
V603119             	3.9564              	190607-F3           	15                  
V603120             	3.9430              	190607-F3           	16                  
V603121             	3.9187              	190607-F3           	17                  
V603122             	3.9512              	190607-F3           	18                  
V603123             	3.9950              	190607-F3           	19                  
V603124             	3.9974              	190607-F3           	20                  
V603125             	3.9447              	190607-F3           	21                  
V603126             	4.0284              	190607-F3           	22                  
V603127             	4.0549              	190607-F3           	23                  
V603128             	3.9304              	190607-F3           	24                  
V603129             	4.0020              	190607-F4           	1                   
V603130             	3.9643              	190607-F4           	2                   
V603131             	3.9329              	190607-F4           	3                   
V603132             	3.8923              	190607-F4           	4                   
V603133             	3.9613              	190607-F4           	5                   
V603134             	4.0064              	190607-F4           	6                   
V603135             	4.0092              	190607-F4           	7                   
V603136             	4.0219              	190607-F4           	8                   
V603137             	3.9789              	190607-F4           	9                   
V603138             	4.0546              	190607-F4           	10                  
V603139             	3.9165              	190607-F4           	11                  
V603140             	4.0567              	190607-F4           	12                  
V603141             	4.0574              	190607-F4           	13                  
V603142             	3.9799              	190607-F4           	14                  
V603143             	3.9012              	190607-F4           	15                  
V603144             	3.9337              	190607-F4           	16                  
V603145             	4.0212              	190607-F4           	17                  
V603146             	3.9169              	190607-F4           	18                  
V603147             	4.0399              	190607-F4           	19                  
V603148             	3.9165              	190607-F4           	20                  
V603149             	3.9819              	190607-F4           	21                  
V603150             	3.9475              	190607-F4           	22                  
V603151             	3.9821              	190607-F4           	23                  
V603152             	4.0440              	190607-F4           	24                  
 
Process Completed!

End Time:	06/11/2019 12:00


Signature: ____________________________________
