Label Automator® with Weighing Option (version 5.20)

Start Time:	06/25/2019 13:32
Log File:  	201906251332.LOG
Process File:	C:\Bohdan\Automator\Proc\Glasdel2.prc
Operator ID:	Kalle

[GLOBAL SAMPLE PARAMETERS]
--- <Rack Location #01> 4 ml  Rack F1
    Rack ID: 190626-F1
    Sample Input File: C:\Bohdan\Automator\Proc\GLASS\Input\SciL20.smp
--- <Rack Location #02> 4 ml  Rack F2
    Rack ID: 190626-F2
    Sample Input File: C:\Bohdan\Automator\Proc\GLASS\Input\SciL20.smp
--- <Rack Location #03> 4 ml  Rack F3
    Rack ID: 190626-F3
    Sample Input File: C:\Bohdan\Automator\Proc\GLASS\Input\SciL20.smp
--- <Rack Location #04> 4 ml  Rack F4
    Rack ID: 190626-F4
    Sample Input File: C:\Bohdan\Automator\Proc\GLASS\Input\SciL20.smp

Report Format: K

[WEIGHT FORMAT]
Weight Unit: g
Weight Range: Coarse
 
[LABEL AND WEIGH]
Labeler Setup File: C:\Bohdan\Automator\Proc\K.par
 
bar code            	weight#1            	rack id             	sample position     
V603825             	4.0148              	190626-F1           	1                   
V603826             	3.9537              	190626-F1           	2                   
V603827             	4.0572              	190626-F1           	3                   
V603828             	3.9631              	190626-F1           	4                   
V603829             	3.9867              	190626-F1           	5                   
V603830             	3.9220              	190626-F1           	6                   
V603831             	4.0267              	190626-F1           	7                   
V603832             	3.9480              	190626-F1           	8                   
V603833             	4.0406              	190626-F1           	9                   
V603834             	3.9430              	190626-F1           	10                  
V603835             	4.0204              	190626-F1           	11                  
V603836             	3.9826              	190626-F1           	12                  
V603837             	4.0289              	190626-F1           	13                  
V603838             	3.8953              	190626-F1           	14                  
V603839             	3.9667              	190626-F1           	15                  
V603840             	3.9481              	190626-F1           	16                  
V603841             	3.9426              	190626-F1           	17                  
V603842             	3.9789              	190626-F1           	18                  
V603843             	3.9549              	190626-F1           	19                  
V603844             	3.8808              	190626-F1           	20                  
V603845             	4.0426              	190626-F1           	21                  
V603846             	3.9874              	190626-F1           	22                  
V603847             	4.0478              	190626-F1           	23                  
V603848             	3.9135              	190626-F1           	24                  
V603849             	3.9901              	190626-F2           	1                   
V603850             	4.0332              	190626-F2           	2                   
V603851             	4.0116              	190626-F2           	3                   
V603852             	4.0250              	190626-F2           	4                   
V603853             	3.8637              	190626-F2           	5                   
V603854             	3.9239              	190626-F2           	6                   
V603855             	3.9457              	190626-F2           	7                   
V603856             	3.9028              	190626-F2           	8                   
V603857             	3.9273              	190626-F2           	9                   
V603858             	3.9567              	190626-F2           	10                  
V603859             	4.0072              	190626-F2           	11                  
V603860             	4.0436              	190626-F2           	12                  
V603861             	4.0418              	190626-F2           	13                  
V603862             	3.9391              	190626-F2           	14                  
V603863             	4.0457              	190626-F2           	15                  
V603864             	3.9917              	190626-F2           	16                  
V603865             	4.0213              	190626-F2           	17                  
V603866             	4.0157              	190626-F2           	18                  
V603867             	4.0133              	190626-F2           	19                  
V603868             	3.9480              	190626-F2           	20                  
V603869             	4.0547              	190626-F2           	21                  
V603870             	4.0307              	190626-F2           	22                  
V603871             	4.0513              	190626-F2           	23                  
V603872             	3.9719              	190626-F2           	24                  
V603873             	4.0521              	190626-F3           	1                   
V603874             	3.9857              	190626-F3           	2                   
V603875             	3.9335              	190626-F3           	3                   
V603876             	4.0108              	190626-F3           	4                   
V603877             	3.9586              	190626-F3           	5                   
V603878             	4.0186              	190626-F3           	6                   
V603879             	3.9773              	190626-F3           	7                   
V603880             	3.9734              	190626-F3           	8                   
V603881             	3.9653              	190626-F3           	9                   
V603882             	3.9492              	190626-F3           	10                  
V603883             	4.0260              	190626-F3           	11                  
V603884             	3.8655              	190626-F3           	12                  
V603885             	4.0036              	190626-F3           	13                  
V603886             	3.8914              	190626-F3           	14                  
V603887             	4.0142              	190626-F3           	15                  
V603888             	3.9042              	190626-F3           	16                  
V603889             	4.0408              	190626-F3           	17                  
V603890             	4.0211              	190626-F3           	18                  
V603891             	3.9344              	190626-F3           	19                  
V603892             	4.0085              	190626-F3           	20                  
V603893             	4.0683              	190626-F3           	21                  
V603894             	3.9173              	190626-F3           	22                  
V603895             	4.0034              	190626-F3           	23                  
V603896             	3.9404              	190626-F3           	24                  
V603897             	4.0161              	190626-F4           	1                   
V603898             	4.0066              	190626-F4           	2                   
V603899             	4.0430              	190626-F4           	3                   
V603900             	4.0059              	190626-F4           	4                   
V603901             	4.0136              	190626-F4           	5                   
V603902             	3.9266              	190626-F4           	6                   
V603903             	3.9876              	190626-F4           	7                   
V603904             	4.0595              	190626-F4           	8                   
V603905             	3.9380              	190626-F4           	9                   
V603906             	3.9029              	190626-F4           	10                  
V603907             	3.9305              	190626-F4           	11                  
V603908             	4.0182              	190626-F4           	12                  
V603909             	4.0308              	190626-F4           	13                  
V603910             	3.9709              	190626-F4           	14                  
V603911             	3.9309              	190626-F4           	15                  
V603912             	3.9234              	190626-F4           	16                  
V603913             	3.9483              	190626-F4           	17                  
V603914             	3.9708              	190626-F4           	18                  
V603915             	3.9322              	190626-F4           	19                  
V603916             	4.0257              	190626-F4           	20                  
V603917             	3.9381              	190626-F4           	21                  
V603918             	3.9104              	190626-F4           	22                  
V603919             	4.0541              	190626-F4           	23                  
V603920             	3.9048              	190626-F4           	24                  
 
Process Completed!

End Time:	06/25/2019 15:38


Signature: ____________________________________
