Label Automator® with Weighing Option (version 5.20)

Start Time:	05/29/2019 12:03
Log File:  	201905291203.LOG
Process File:	C:\Bohdan\Automator\Proc\Glasdel2.prc
Operator ID:	Kalle

[GLOBAL SAMPLE PARAMETERS]
--- <Rack Location #01> 4 ml  Rack F1
    Rack ID: 190530-F1
    Sample Input File: C:\Bohdan\Automator\Proc\GLASS\Input\SciL04.smp
--- <Rack Location #02> 4 ml  Rack F2
    Rack ID: 190530-F2
    Sample Input File: C:\Bohdan\Automator\Proc\GLASS\Input\SciL04.smp
--- <Rack Location #03> 4 ml  Rack F3
    Rack ID: 190530-F3
    Sample Input File: C:\Bohdan\Automator\Proc\GLASS\Input\SciL04.smp
--- <Rack Location #04> 4 ml  Rack F4
    Rack ID: 190530-F4
    Sample Input File: C:\Bohdan\Automator\Proc\GLASS\Input\SciL04.smp

Report Format: K

[WEIGHT FORMAT]
Weight Unit: g
Weight Range: Coarse
 
[LABEL AND WEIGH]
Labeler Setup File: C:\Bohdan\Automator\Proc\K.par
 
bar code            	weight#1            	rack id             	sample position     
V602289             	3.9637              	190530-F1           	1                   
V602290             	3.9579              	190530-F1           	2                   
V602291             	3.8838              	190530-F1           	3                   
V602292             	3.8825              	190530-F1           	4                   
V602293             	3.9344              	190530-F1           	5                   
V602294             	3.8800              	190530-F1           	6                   
V602295             	3.9424              	190530-F1           	7                   
V602296             	3.8706              	190530-F1           	8                   
V602297             	3.9602              	190530-F1           	9                   
V602298             	3.8590              	190530-F1           	10                  
V602299             	3.9342              	190530-F1           	11                  
V602300             	3.8706              	190530-F1           	12                  
V602301             	3.8574              	190530-F1           	13                  
V602302             	3.8614              	190530-F1           	14                  
V602303             	3.8849              	190530-F1           	15                  
V602304             	3.9095              	190530-F1           	16                  
V602305             	3.9349              	190530-F1           	17                  
V602306             	3.9280              	190530-F1           	18                  
V602307             	3.9454              	190530-F1           	19                  
V602308             	3.9372              	190530-F1           	20                  
V602309             	3.9585              	190530-F1           	21                  
V602310             	3.9571              	190530-F1           	22                  
V602311             	3.9570              	190530-F1           	23                  
V602312             	3.8565              	190530-F1           	24                  
V602313             	3.9660              	190530-F2           	1                   
V602314             	3.9541              	190530-F2           	2                   
V602315             	3.9488              	190530-F2           	3                   
V602316             	3.9573              	190530-F2           	4                   
V602317             	3.8728              	190530-F2           	5                   
V602318             	3.9441              	190530-F2           	6                   
V602319             	3.9727              	190530-F2           	7                   
V602320             	3.8724              	190530-F2           	8                   
V602321             	3.9642              	190530-F2           	9                   
V602322             	3.8686              	190530-F2           	10                  
V602323             	3.9680              	190530-F2           	11                  
V602324             	3.9554              	190530-F2           	12                  
V602325             	3.8716              	190530-F2           	13                  
V602326             	3.8809              	190530-F2           	14                  
V602327             	3.8680              	190530-F2           	15                  
V602328             	3.8811              	190530-F2           	16                  
V602329             	3.8733              	190530-F2           	17                  
V602330             	3.8799              	190530-F2           	18                  
V602331             	3.9414              	190530-F2           	19                  
V602332             	3.9497              	190530-F2           	20                  
V602333             	3.9549              	190530-F2           	21                  
V602334             	3.9256              	190530-F2           	22                  
V602335             	3.9517              	190530-F2           	23                  
V602336             	3.8702              	190530-F2           	24                  
V602337             	3.8846              	190530-F3           	1                   
V602338             	3.9394              	190530-F3           	2                   
V602339             	3.9336              	190530-F3           	3                   
V602340             	3.9451              	190530-F3           	4                   
V602341             	3.9431              	190530-F3           	5                   
V602342             	3.9470              	190530-F3           	6                   
V602343             	3.8622              	190530-F3           	7                   
V602344             	3.9374              	190530-F3           	8                   
V602345             	3.9283              	190530-F3           	9                   
V602346             	3.8672              	190530-F3           	10                  
V602347             	3.9474              	190530-F3           	11                  
V602348             	3.8702              	190530-F3           	12                  
V602349             	3.9477              	190530-F3           	13                  
V602350             	3.8678              	190530-F3           	14                  
V602351             	3.8702              	190530-F3           	15                  
V602352             	3.8739              	190530-F3           	16                  
V602353             	3.8715              	190530-F3           	17                  
V602354             	3.8687              	190530-F3           	18                  
V602355             	3.8688              	190530-F3           	19                  
V602356             	3.9393              	190530-F3           	20                  
V602357             	3.9264              	190530-F3           	21                  
V602358             	3.9494              	190530-F3           	22                  
V602359             	3.8829              	190530-F3           	23                  
V602360             	3.8678              	190530-F3           	24                  
V602361             	3.9226              	190530-F4           	1                   
V602362             	3.9518              	190530-F4           	2                   
V602363             	3.9847              	190530-F4           	3                   
V602364             	3.9112              	190530-F4           	4                   
V602365             	3.8865              	190530-F4           	5                   
V602366             	3.9604              	190530-F4           	6                   
V602367             	3.9310              	190530-F4           	7                   
V602368             	3.9312              	190530-F4           	8                   
V602369             	3.8567              	190530-F4           	9                   
V602370             	3.8736              	190530-F4           	10                  
V602371             	3.8908              	190530-F4           	11                  
V602372             	3.9409              	190530-F4           	12                  
V602373             	3.9663              	190530-F4           	13                  
V602374             	3.9114              	190530-F4           	14                  
V602375             	3.8818              	190530-F4           	15                  
V602376             	3.9457              	190530-F4           	16                  
V602377             	3.8841              	190530-F4           	17                  
V602378             	3.8816              	190530-F4           	18                  
V602379             	3.8948              	190530-F4           	19                  
V602380             	3.8513              	190530-F4           	20                  
V602381             	3.9467              	190530-F4           	21                  
V602382             	3.8600              	190530-F4           	22                  
V602383             	3.8542              	190530-F4           	23                  
V602384             	3.8769              	190530-F4           	24                  
 
Process Completed!

End Time:	05/29/2019 14:09


Signature: ____________________________________
