Label Automator® with Weighing Option (version 5.20)

Start Time:	06/05/2019 12:58
Log File:  	201906051258.LOG
Process File:	C:\Bohdan\Automator\Proc\Glasdel2.prc
Operator ID:	Kalle

[GLOBAL SAMPLE PARAMETERS]
--- <Rack Location #01> 4 ml  Rack F1
    Rack ID: 190604-F1
    Sample Input File: C:\Bohdan\Automator\Proc\GLASS\Input\SciL09.smp
--- <Rack Location #02> 4 ml  Rack F2
    Rack ID: 190604-F2
    Sample Input File: C:\Bohdan\Automator\Proc\GLASS\Input\SciL09.smp
--- <Rack Location #03> 4 ml  Rack F3
    Rack ID: 190604-F3
    Sample Input File: C:\Bohdan\Automator\Proc\GLASS\Input\SciL09.smp
--- <Rack Location #04> 4 ml  Rack F4
    Rack ID: 190604-F4
    Sample Input File: C:\Bohdan\Automator\Proc\GLASS\Input\SciL09.smp

Report Format: K

[WEIGHT FORMAT]
Weight Unit: g
Weight Range: Coarse
 
[LABEL AND WEIGH]
Labeler Setup File: C:\Bohdan\Automator\Proc\K.par
 
bar code            	weight#1            	rack id             	sample position     
V602769             	3.8987              	190604-F1           	1                   
V602770             	4.0364              	190604-F1           	2                   
V602771             	4.0290              	190604-F1           	3                   
V602772             	3.8880              	190604-F1           	4                   
V602773             	4.0405              	190604-F1           	5                   
V602774             	4.0509              	190604-F1           	6                   
V602775             	3.9981              	190604-F1           	7                   
V602776             	4.0130              	190604-F1           	8                   
V602777             	3.9658              	190604-F1           	9                   
V602778             	3.9872              	190604-F1           	10                  
V602779             	3.9979              	190604-F1           	11                  
V602780             	3.9348              	190604-F1           	12                  
V602781             	3.9057              	190604-F1           	13                  
V602782             	4.0254              	190604-F1           	14                  
V602783             	3.9681              	190604-F1           	15                  
V602784             	3.9932              	190604-F1           	16                  
V602785             	4.0582              	190604-F1           	17                  
V602786             	4.0074              	190604-F1           	18                  
V602787             	3.9339              	190604-F1           	19                  
V602788             	4.0491              	190604-F1           	20                  
V602789             	3.9992              	190604-F1           	21                  
V602790             	3.9263              	190604-F1           	22                  
V602791             	4.0041              	190604-F1           	23                  
V602792             	3.8867              	190604-F1           	24                  
V602793             	3.9455              	190604-F2           	1                   
V602794             	3.9510              	190604-F2           	2                   
V602795             	4.0136              	190604-F2           	3                   
V602796             	3.9341              	190604-F2           	4                   
V602797             	3.9298              	190604-F2           	5                   
V602798             	4.0174              	190604-F2           	6                   
V602799             	3.9710              	190604-F2           	7                   
V602800             	3.9540              	190604-F2           	8                   
V602801             	4.0292              	190604-F2           	9                   
V602802             	3.9197              	190604-F2           	10                  
V602803             	3.9333              	190604-F2           	11                  
V602804             	3.9819              	190604-F2           	12                  
V602805             	3.9252              	190604-F2           	13                  
V602806             	3.9566              	190604-F2           	14                  
V602807             	3.9835              	190604-F2           	15                  
V602808             	4.0172              	190604-F2           	16                  
V602809             	4.0526              	190604-F2           	17                  
V602810             	3.9209              	190604-F2           	18                  
V602811             	3.9454              	190604-F2           	19                  
V602812             	3.9765              	190604-F2           	20                  
V602813             	3.9939              	190604-F2           	21                  
V602814             	4.0302              	190604-F2           	22                  
V602815             	3.9532              	190604-F2           	23                  
V602816             	3.9875              	190604-F2           	24                  
V602817             	3.9327              	190604-F3           	1                   
V602818             	3.9717              	190604-F3           	2                   
V602819             	3.9968              	190604-F3           	3                   
V602820             	4.0154              	190604-F3           	4                   
V602821             	3.9245              	190604-F3           	5                   
V602822             	4.0017              	190604-F3           	6                   
V602823             	4.0397              	190604-F3           	7                   
V602824             	4.0521              	190604-F3           	8                   
V602825             	4.0213              	190604-F3           	9                   
V602826             	4.0319              	190604-F3           	10                  
V602827             	3.9512              	190604-F3           	11                  
V602828             	3.9605              	190604-F3           	12                  
V602829             	3.9838              	190604-F3           	13                  
V602830             	3.9727              	190604-F3           	14                  
V602831             	3.9477              	190604-F3           	15                  
V602832             	3.9996              	190604-F3           	16                  
V602833             	3.9177              	190604-F3           	17                  
V602834             	4.0135              	190604-F3           	18                  
V602835             	3.8950              	190604-F3           	19                  
V602836             	4.0244              	190604-F3           	20                  
V602837             	3.9142              	190604-F3           	21                  
V602838             	3.9626              	190604-F3           	22                  
V602839             	3.9046              	190604-F3           	23                  
V602840             	4.0580              	190604-F3           	24                  
V602841             	3.9059              	190604-F4           	1                   
V602842             	3.9568              	190604-F4           	2                   
V602843             	3.9630              	190604-F4           	3                   
V602844             	3.9268              	190604-F4           	4                   
V602845             	4.0352              	190604-F4           	5                   
V602846             	3.9749              	190604-F4           	6                   
V602847             	4.0294              	190604-F4           	7                   
V602848             	3.9530              	190604-F4           	8                   
V602849             	3.8944              	190604-F4           	9                   
V602850             	4.0084              	190604-F4           	10                  
V602851             	4.0485              	190604-F4           	11                  
V602852             	3.9702              	190604-F4           	12                  
V602853             	4.0119              	190604-F4           	13                  
V602854             	4.0180              	190604-F4           	14                  
V602855             	3.9807              	190604-F4           	15                  
V602856             	4.0155              	190604-F4           	16                  
V602857             	3.8978              	190604-F4           	17                  
V602858             	4.0498              	190604-F4           	18                  
V602859             	3.9686              	190604-F4           	19                  
V602860             	3.9431              	190604-F4           	20                  
V602861             	4.0354              	190604-F4           	21                  
V602862             	3.9201              	190604-F4           	22                  
V602863             	4.0000              	190604-F4           	23                  
V602864             	3.9605              	190604-F4           	24                  
 
Process Completed!

End Time:	06/05/2019 15:04


Signature: ____________________________________
