Label Automator® with Weighing Option (version 5.20)

Start Time:	06/12/2019 14:58
Log File:  	201906121458.LOG
Process File:	C:\Bohdan\Automator\Proc\Glasdel2.prc
Operator ID:	Kalle

[GLOBAL SAMPLE PARAMETERS]
--- <Rack Location #01> 4 ml  Rack F1
    Rack ID: 190609-F1
    Sample Input File: C:\Bohdan\Automator\Proc\GLASS\Input\SciL14.smp
--- <Rack Location #02> 4 ml  Rack F2
    Rack ID: 190609-F2
    Sample Input File: C:\Bohdan\Automator\Proc\GLASS\Input\SciL14.smp
--- <Rack Location #03> 4 ml  Rack F3
    Rack ID: 190609-F3
    Sample Input File: C:\Bohdan\Automator\Proc\GLASS\Input\SciL14.smp
--- <Rack Location #04> 4 ml  Rack F4
    Rack ID: 190609-F4
    Sample Input File: C:\Bohdan\Automator\Proc\GLASS\Input\SciL14.smp

Report Format: K

[WEIGHT FORMAT]
Weight Unit: g
Weight Range: Coarse
 
[LABEL AND WEIGH]
Labeler Setup File: C:\Bohdan\Automator\Proc\K.par
 
bar code            	weight#1            	rack id             	sample position     
V603249             	3.9166              	190609-F1           	1                   
V603250             	3.9834              	190609-F1           	2                   
V603251             	4.0329              	190609-F1           	3                   
V603252             	3.9419              	190609-F1           	4                   
V603253             	3.8856              	190609-F1           	5                   
V603254             	4.0331              	190609-F1           	6                   
V603255             	3.9594              	190609-F1           	7                   
V603256             	3.9835              	190609-F1           	8                   
V603257             	3.9769              	190609-F1           	9                   
V603258             	4.0320              	190609-F1           	10                  
V603259             	3.9727              	190609-F1           	11                  
V603260             	3.9620              	190609-F1           	12                  
V603261             	3.8925              	190609-F1           	13                  
V603262             	3.9949              	190609-F1           	14                  
V603263             	4.0404              	190609-F1           	15                  
V603264             	3.9591              	190609-F1           	16                  
V603265             	3.9177              	190609-F1           	17                  
V603266             	4.0221              	190609-F1           	18                  
V603267             	3.9536              	190609-F1           	19                  
V603268             	3.9591              	190609-F1           	20                  
V603269             	3.9211              	190609-F1           	21                  
V603270             	4.0319              	190609-F1           	22                  
V603271             	3.8823              	190609-F1           	23                  
V603272             	3.9573              	190609-F1           	24                  
V603273             	4.0608              	190609-F2           	1                   
V603274             	4.0426              	190609-F2           	2                   
V603275             	3.8990              	190609-F2           	3                   
V603276             	4.0454              	190609-F2           	4                   
V603277             	3.9620              	190609-F2           	5                   
V603278             	4.0400              	190609-F2           	6                   
V603279             	3.9986              	190609-F2           	7                   
V603280             	4.0785              	190609-F2           	8                   
V603281             	4.0576              	190609-F2           	9                   
V603282             	3.9440              	190609-F2           	10                  
V603283             	4.0544              	190609-F2           	11                  
V603284             	3.9987              	190609-F2           	12                  
V603285             	4.0090              	190609-F2           	13                  
V603286             	3.9924              	190609-F2           	14                  
V603287             	3.9039              	190609-F2           	15                  
V603288             	4.0138              	190609-F2           	16                  
V603289             	3.9513              	190609-F2           	17                  
V603290             	4.0115              	190609-F2           	18                  
V603291             	4.0518              	190609-F2           	19                  
V603292             	3.9362              	190609-F2           	20                  
V603293             	3.9564              	190609-F2           	21                  
V603294             	3.9966              	190609-F2           	22                  
V603295             	3.9636              	190609-F2           	23                  
V603296             	3.9167              	190609-F2           	24                  
V603297             	4.0507              	190609-F3           	1                   
V603298             	3.9991              	190609-F3           	2                   
V603299             	3.9721              	190609-F3           	3                   
V603300             	4.0519              	190609-F3           	4                   
V603301             	3.9402              	190609-F3           	5                   
V603302             	4.0745              	190609-F3           	6                   
V603303             	4.0419              	190609-F3           	7                   
V603304             	4.0311              	190609-F3           	8                   
V603305             	3.9683              	190609-F3           	9                   
V603306             	3.9279              	190609-F3           	10                  
V603307             	4.0260              	190609-F3           	11                  
V603308             	3.9982              	190609-F3           	12                  
V603309             	3.9837              	190609-F3           	13                  
V603310             	4.0660              	190609-F3           	14                  
V603311             	4.0869              	190609-F3           	15                  
V603312             	4.0200              	190609-F3           	16                  
V603313             	4.0037              	190609-F3           	17                  
V603314             	3.9765              	190609-F3           	18                  
V603315             	3.9737              	190609-F3           	19                  
V603316             	3.9927              	190609-F3           	20                  
V603317             	4.0278              	190609-F3           	21                  
V603318             	4.0161              	190609-F3           	22                  
V603319             	3.9203              	190609-F3           	23                  
V603320             	3.9763              	190609-F3           	24                  
V603321             	4.0145              	190609-F4           	1                   
V603322             	4.0126              	190609-F4           	2                   
V603323             	4.0707              	190609-F4           	3                   
V603324             	3.9077              	190609-F4           	4                   
V603325             	4.0408              	190609-F4           	5                   
V603326             	4.0694              	190609-F4           	6                   
V603327             	3.8997              	190609-F4           	7                   
V603328             	4.0594              	190609-F4           	8                   
V603329             	4.0269              	190609-F4           	9                   
V603330             	3.9716              	190609-F4           	10                  
V603331             	3.9783              	190609-F4           	11                  
V603332             	4.0346              	190609-F4           	12                  
V603333             	3.9587              	190609-F4           	13                  
V603334             	4.0530              	190609-F4           	14                  
V603335             	3.9774              	190609-F4           	15                  
V603336             	3.9551              	190609-F4           	16                  
V603337             	4.0291              	190609-F4           	17                  
V603338             	3.9660              	190609-F4           	18                  
V603339             	4.0657              	190609-F4           	19                  
V603340             	4.0052              	190609-F4           	20                  
V603341             	4.0661              	190609-F4           	21                  
V603342             	3.8906              	190609-F4           	22                  
V603343             	4.0010              	190609-F4           	23                  
V603344             	4.0141              	190609-F4           	24                  
 
Process Completed!

End Time:	06/12/2019 17:05


Signature: ____________________________________
