Label Automator® with Weighing Option (version 5.20)

Start Time:	06/10/2019 09:42
Log File:  	201906100942.LOG
Process File:	C:\Bohdan\Automator\Proc\Glasdel2.prc
Operator ID:	Kalle

[GLOBAL SAMPLE PARAMETERS]
--- <Rack Location #01> 4 ml  Rack F1
    Rack ID: 190605-F1
    Sample Input File: C:\Bohdan\Automator\Proc\GLASS\Input\SciL10.smp
--- <Rack Location #02> 4 ml  Rack F2
    Rack ID: 190605-F2
    Sample Input File: C:\Bohdan\Automator\Proc\GLASS\Input\SciL10.smp
--- <Rack Location #03> 4 ml  Rack F3
    Rack ID: 190605-F3
    Sample Input File: C:\Bohdan\Automator\Proc\GLASS\Input\SciL10.smp
--- <Rack Location #04> 4 ml  Rack F4
    Rack ID: 190605-F4
    Sample Input File: C:\Bohdan\Automator\Proc\GLASS\Input\SciL10.smp

Report Format: K

[WEIGHT FORMAT]
Weight Unit: g
Weight Range: Coarse
 
[LABEL AND WEIGH]
Labeler Setup File: C:\Bohdan\Automator\Proc\K.par
 
bar code            	weight#1            	rack id             	sample position     
V602865             	3.9509              	190605-F1           	1                   
V602866             	3.9039              	190605-F1           	2                   
V602867             	3.9315              	190605-F1           	3                   
V602868             	4.0182              	190605-F1           	4                   
V602869             	3.8970              	190605-F1           	5                   
V602870             	3.9207              	190605-F1           	6                   
V602871             	4.0082              	190605-F1           	7                   
V602872             	3.9603              	190605-F1           	8                   
V602873             	4.0138              	190605-F1           	9                   
V602874             	3.9768              	190605-F1           	10                  
V602875             	3.9563              	190605-F1           	11                  
V602876             	4.0301              	190605-F1           	12                  
V602877             	3.9879              	190605-F1           	13                  
V602878             	4.0825              	190605-F1           	14                  
V602879             	4.0363              	190605-F1           	15                  
V602880             	3.9752              	190605-F1           	16                  
V602881             	3.9080              	190605-F1           	17                  
V602882             	4.0555              	190605-F1           	18                  
V602883             	3.9384              	190605-F1           	19                  
V602884             	4.0148              	190605-F1           	20                  
V602885             	4.0152              	190605-F1           	21                  
V602886             	3.9155              	190605-F1           	22                  
V602887             	3.9561              	190605-F1           	23                  
V602888             	3.9512              	190605-F1           	24                  
V602889             	3.9423              	190605-F2           	1                   
V602890             	3.8821              	190605-F2           	2                   
V602891             	4.0499              	190605-F2           	3                   
V602892             	4.0308              	190605-F2           	4                   
V602893             	4.0363              	190605-F2           	5                   
V602894             	4.0252              	190605-F2           	6                   
V602895             	3.9557              	190605-F2           	7                   
V602896             	4.0422              	190605-F2           	8                   
V602897             	3.9344              	190605-F2           	9                   
V602898             	3.9865              	190605-F2           	10                  
V602899             	3.9134              	190605-F2           	11                  
V602900             	3.9162              	190605-F2           	12                  
V602901             	3.9762              	190605-F2           	13                  
V602902             	4.0476              	190605-F2           	14                  
V602903             	4.0376              	190605-F2           	15                  
V602904             	3.9507              	190605-F2           	16                  
V602905             	3.9840              	190605-F2           	17                  
V602906             	3.9943              	190605-F2           	18                  
V602907             	3.9739              	190605-F2           	19                  
V602908             	3.9953              	190605-F2           	20                  
V602909             	4.0540              	190605-F2           	21                  
V602910             	3.9280              	190605-F2           	22                  
V602911             	4.0214              	190605-F2           	23                  
V602912             	4.0148              	190605-F2           	24                  
V602913             	4.0745              	190605-F3           	1                   
V602914             	3.9921              	190605-F3           	2                   
V602915             	4.0473              	190605-F3           	3                   
V602916             	4.0777              	190605-F3           	4                   
V602917             	3.9678              	190605-F3           	5                   
V602918             	3.9625              	190605-F3           	6                   
V602919             	3.9725              	190605-F3           	7                   
V602920             	4.0170              	190605-F3           	8                   
V602921             	3.9801              	190605-F3           	9                   
V602922             	3.9317              	190605-F3           	10                  
V602923             	3.9540              	190605-F3           	11                  
V602924             	3.9781              	190605-F3           	12                  
V602925             	4.0218              	190605-F3           	13                  
V602926             	3.9374              	190605-F3           	14                  
V602927             	4.0734              	190605-F3           	15                  
V602928             	4.0008              	190605-F3           	16                  
V602929             	3.9942              	190605-F3           	17                  
V602930             	3.9364              	190605-F3           	18                  
V602931             	3.9704              	190605-F3           	19                  
V602932             	3.9825              	190605-F3           	20                  
V602933             	4.0330              	190605-F3           	21                  
V602934             	4.0195              	190605-F3           	22                  
V602935             	4.0426              	190605-F3           	23                  
V602936             	4.0284              	190605-F3           	24                  
V602937             	3.9987              	190605-F4           	1                   
V602938             	3.9699              	190605-F4           	2                   
V602939             	4.0554              	190605-F4           	3                   
V602940             	3.9759              	190605-F4           	4                   
V602941             	4.0611              	190605-F4           	5                   
V602942             	4.0439              	190605-F4           	6                   
V602943             	4.0211              	190605-F4           	7                   
V602944             	3.9156              	190605-F4           	8                   
V602945             	3.9502              	190605-F4           	9                   
V602946             	3.9588              	190605-F4           	10                  
V602947             	4.0621              	190605-F4           	11                  
V602948             	3.9844              	190605-F4           	12                  
V602949             	3.9314              	190605-F4           	13                  
V602950             	3.9492              	190605-F4           	14                  
V602951             	3.9721              	190605-F4           	15                  
V602952             	3.8972              	190605-F4           	16                  
V602953             	4.0349              	190605-F4           	17                  
V602954             	4.0536              	190605-F4           	18                  
V602955             	3.9599              	190605-F4           	19                  
V602956             	4.0281              	190605-F4           	20                  
V602957             	4.0589              	190605-F4           	21                  
V602958             	4.0280              	190605-F4           	22                  
V602959             	3.9430              	190605-F4           	23                  
V602960             	4.0385              	190605-F4           	24                  
 
Process Completed!

End Time:	06/10/2019 11:47


Signature: ____________________________________
