Label Automator® with Weighing Option (version 5.20)

Start Time:	06/25/2019 10:48
Log File:  	201906251048.LOG
Process File:	C:\Bohdan\Automator\Proc\Glasdel2.prc
Operator ID:	Kalle

[GLOBAL SAMPLE PARAMETERS]
--- <Rack Location #01> 4 ml  Rack F1
    Rack ID: 190625-F1
    Sample Input File: C:\Bohdan\Automator\Proc\GLASS\Input\SciL19.smp
--- <Rack Location #02> 4 ml  Rack F2
    Rack ID: 190625-F2
    Sample Input File: C:\Bohdan\Automator\Proc\GLASS\Input\SciL19.smp
--- <Rack Location #03> 4 ml  Rack F3
    Rack ID: 190625-F3
    Sample Input File: C:\Bohdan\Automator\Proc\GLASS\Input\SciL19.smp
--- <Rack Location #04> 4 ml  Rack F4
    Rack ID: 190625-F4
    Sample Input File: C:\Bohdan\Automator\Proc\GLASS\Input\SciL19.smp

Report Format: K

[WEIGHT FORMAT]
Weight Unit: g
Weight Range: Coarse
 
[LABEL AND WEIGH]
Labeler Setup File: C:\Bohdan\Automator\Proc\K.par
 
bar code            	weight#1            	rack id             	sample position     
V603729             	3.9822              	190625-F1           	1                   
V603730             	4.0214              	190625-F1           	2                   
V603731             	3.9393              	190625-F1           	3                   
V603732             	3.9324              	190625-F1           	4                   
V603733             	3.8897              	190625-F1           	5                   
V603734             	4.0582              	190625-F1           	6                   
V603735             	3.9841              	190625-F1           	7                   
V603736             	4.0120              	190625-F1           	8                   
V603737             	3.9581              	190625-F1           	9                   
V603738             	4.0446              	190625-F1           	10                  
V603739             	3.9513              	190625-F1           	11                  
V603740             	3.9683              	190625-F1           	12                  
V603741             	4.0287              	190625-F1           	13                  
V603742             	3.9402              	190625-F1           	14                  
V603743             	3.9176              	190625-F1           	15                  
V603744             	4.0388              	190625-F1           	16                  
V603745             	4.0436              	190625-F1           	17                  
V603746             	4.0392              	190625-F1           	18                  
V603747             	3.9618              	190625-F1           	19                  
V603748             	3.9383              	190625-F1           	20                  
V603749             	3.9935              	190625-F1           	21                  
V603750             	3.9313              	190625-F1           	22                  
V603751             	3.8967              	190625-F1           	23                  
V603752             	4.0573              	190625-F1           	24                  
V603753             	4.0251              	190625-F2           	1                   
V603754             	4.0447              	190625-F2           	2                   
V603755             	4.0237              	190625-F2           	3                   
V603756             	3.9777              	190625-F2           	4                   
V603757             	3.9490              	190625-F2           	5                   
V603758             	3.9410              	190625-F2           	6                   
V603759             	4.0490              	190625-F2           	7                   
V603760             	3.9748              	190625-F2           	8                   
V603761             	4.0364              	190625-F2           	9                   
V603762             	3.9249              	190625-F2           	10                  
V603763             	3.9503              	190625-F2           	11                  
V603764             	4.0328              	190625-F2           	12                  
V603765             	3.9156              	190625-F2           	13                  
V603766             	3.9752              	190625-F2           	14                  
V603767             	3.9737              	190625-F2           	15                  
V603768             	3.8735              	190625-F2           	16                  
V603769             	4.0132              	190625-F2           	17                  
V603770             	4.0235              	190625-F2           	18                  
V603771             	4.0121              	190625-F2           	19                  
V603772             	3.9375              	190625-F2           	20                  
V603773             	3.9753              	190625-F2           	21                  
V603774             	3.9355              	190625-F2           	22                  
V603775             	3.9573              	190625-F2           	23                  
V603776             	3.9361              	190625-F2           	24                  
V603777             	4.0529              	190625-F3           	1                   
V603778             	3.9922              	190625-F3           	2                   
V603779             	4.0389              	190625-F3           	3                   
V603780             	3.9196              	190625-F3           	4                   
V603781             	4.0407              	190625-F3           	5                   
V603782             	4.0173              	190625-F3           	6                   
V603783             	4.0345              	190625-F3           	7                   
V603784             	3.9094              	190625-F3           	8                   
V603785             	3.9669              	190625-F3           	9                   
V603786             	3.9308              	190625-F3           	10                  
V603787             	3.9333              	190625-F3           	11                  
V603788             	3.9594              	190625-F3           	12                  
V603789             	3.9753              	190625-F3           	13                  
V603790             	4.0659              	190625-F3           	14                  
V603791             	4.0307              	190625-F3           	15                  
V603792             	3.9226              	190625-F3           	16                  
V603793             	3.8958              	190625-F3           	17                  
V603794             	3.9743              	190625-F3           	18                  
V603795             	3.9032              	190625-F3           	19                  
V603796             	3.9334              	190625-F3           	20                  
V603797             	3.9684              	190625-F3           	21                  
V603798             	3.9631              	190625-F3           	22                  
V603799             	4.0359              	190625-F3           	23                  
V603800             	3.9399              	190625-F3           	24                  
V603801             	4.0071              	190625-F4           	1                   
V603802             	4.0152              	190625-F4           	2                   
V603803             	4.0187              	190625-F4           	3                   
V603804             	4.0149              	190625-F4           	4                   
V603805             	3.9646              	190625-F4           	5                   
V603806             	4.0731              	190625-F4           	6                   
V603807             	3.9507              	190625-F4           	7                   
V603808             	3.9331              	190625-F4           	8                   
V603809             	3.9436              	190625-F4           	9                   
V603810             	4.0783              	190625-F4           	10                  
V603811             	4.0279              	190625-F4           	11                  
V603812             	3.8943              	190625-F4           	12                  
V603813             	3.9461              	190625-F4           	13                  
V603814             	4.0488              	190625-F4           	14                  
V603815             	4.0448              	190625-F4           	15                  
V603816             	4.0359              	190625-F4           	16                  
V603817             	3.9382              	190625-F4           	17                  
V603818             	4.0212              	190625-F4           	18                  
V603819             	4.0265              	190625-F4           	19                  
V603820             	3.9475              	190625-F4           	20                  
V603821             	4.0505              	190625-F4           	21                  
V603822             	4.0242              	190625-F4           	22                  
V603823             	3.9461              	190625-F4           	23                  
V603824             	4.0500              	190625-F4           	24                  
 
Process Completed!

End Time:	06/25/2019 12:54


Signature: ____________________________________
