Label Automator® with Weighing Option (version 5.20)

Start Time:	05/28/2019 14:55
Log File:  	201905281455.LOG
Process File:	C:\Bohdan\Automator\Proc\Glasdel2.prc
Operator ID:	Kalle

[GLOBAL SAMPLE PARAMETERS]
--- <Rack Location #01> 4 ml  Rack F1
    Rack ID: 190528-F1
    Sample Input File: C:\Bohdan\Automator\Proc\GLASS\Input\SciL02.smp
--- <Rack Location #02> 4 ml  Rack F2
    Rack ID: 190528-F2
    Sample Input File: C:\Bohdan\Automator\Proc\GLASS\Input\SciL02.smp
--- <Rack Location #03> 4 ml  Rack F3
    Rack ID: 190528-F3
    Sample Input File: C:\Bohdan\Automator\Proc\GLASS\Input\SciL02.smp
--- <Rack Location #04> 4 ml  Rack F4
    Rack ID: 190528-F4
    Sample Input File: C:\Bohdan\Automator\Proc\GLASS\Input\SciL02.smp

Report Format: K

[WEIGHT FORMAT]
Weight Unit: g
Weight Range: Coarse
 
[LABEL AND WEIGH]
Labeler Setup File: C:\Bohdan\Automator\Proc\K.par
 
bar code            	weight#1            	rack id             	sample position     
V602097             	4.0269              	190528-F1           	1                   
V602098             	3.9959              	190528-F1           	2                   
V602099             	4.0189              	190528-F1           	3                   
V602100             	4.0041              	190528-F1           	4                   
V602101             	4.0049              	190528-F1           	5                   
V602102             	4.0824              	190528-F1           	6                   
V602103             	4.0692              	190528-F1           	7                   
V602104             	4.0140              	190528-F1           	8                   
V602105             	3.9929              	190528-F1           	9                   
V602106             	4.0069              	190528-F1           	10                  
V602107             	4.0105              	190528-F1           	11                  
V602108             	4.0610              	190528-F1           	12                  
V602109             	4.0192              	190528-F1           	13                  
V602110             	4.0021              	190528-F1           	14                  
V602111             	4.1144              	190528-F1           	15                  
V602112             	4.0541              	190528-F1           	16                  
V602113             	4.0503              	190528-F1           	17                  
V602114             	4.0001              	190528-F1           	18                  
V602115             	4.0598              	190528-F1           	19                  
V602116             	4.0698              	190528-F1           	20                  
V602117             	4.0608              	190528-F1           	21                  
V602118             	4.1079              	190528-F1           	22                  
V602119             	4.0183              	190528-F1           	23                  
V602120             	4.0407              	190528-F1           	24                  
V602121             	4.0173              	190528-F2           	1                   
V602122             	4.0976              	190528-F2           	2                   
V602123             	4.0593              	190528-F2           	3                   
V602124             	4.0669              	190528-F2           	4                   
V602125             	3.9918              	190528-F2           	5                   
V602126             	4.0199              	190528-F2           	6                   
V602127             	4.0053              	190528-F2           	7                   
V602128             	4.0929              	190528-F2           	8                   
V602129             	4.0480              	190528-F2           	9                   
V602130             	4.0553              	190528-F2           	10                  
V602131             	3.9957              	190528-F2           	11                  
V602132             	4.0900              	190528-F2           	12                  
V602133             	4.0757              	190528-F2           	13                  
V602134             	4.0754              	190528-F2           	14                  
V602135             	4.0048              	190528-F2           	15                  
V602136             	3.9963              	190528-F2           	16                  
V602137             	3.9902              	190528-F2           	17                  
V602138             	4.0150              	190528-F2           	18                  
V602139             	4.0124              	190528-F2           	19                  
V602140             	4.0642              	190528-F2           	20                  
V602141             	4.1155              	190528-F2           	21                  
V602142             	4.0719              	190528-F2           	22                  
V602143             	4.0527              	190528-F2           	23                  
V602144             	4.0029              	190528-F2           	24                  
V602145             	4.0223              	190528-F3           	1                   
V602146             	4.0148              	190528-F3           	2                   
V602147             	4.0039              	190528-F3           	3                   
V602148             	4.0590              	190528-F3           	4                   
V602149             	4.0198              	190528-F3           	5                   
V602150             	4.0404              	190528-F3           	6                   
V602151             	4.0257              	190528-F3           	7                   
V602152             	4.0729              	190528-F3           	8                   
V602153             	4.0115              	190528-F3           	9                   
V602154             	3.9960              	190528-F3           	10                  
V602155             	4.0904              	190528-F3           	11                  
V602156             	4.0658              	190528-F3           	12                  
V602157             	3.9460              	190528-F3           	13                  
V602158             	4.0589              	190528-F3           	14                  
V602159             	4.0906              	190528-F3           	15                  
V602160             	4.0568              	190528-F3           	16                  
V602161             	4.1097              	190528-F3           	17                  
V602162             	4.0191              	190528-F3           	18                  
V602163             	3.8698              	190528-F3           	19                  
V602164             	4.0780              	190528-F3           	20                  
V602165             	4.0389              	190528-F3           	21                  
V602166             	4.0867              	190528-F3           	22                  
V602167             	4.0852              	190528-F3           	23                  
V602168             	4.0543              	190528-F3           	24                  
V602169             	4.0072              	190528-F4           	1                   
V602170             	4.0686              	190528-F4           	2                   
V602171             	4.0145              	190528-F4           	3                   
V602172             	4.0707              	190528-F4           	4                   
V602173             	4.0035              	190528-F4           	5                   
V602174             	4.0327              	190528-F4           	6                   
V602175             	4.0134              	190528-F4           	7                   
V602176             	4.0855              	190528-F4           	8                   
V602177             	3.9985              	190528-F4           	9                   
V602178             	4.0686              	190528-F4           	10                  
V602179             	4.0084              	190528-F4           	11                  
V602180             	4.0148              	190528-F4           	12                  
V602181             	4.0407              	190528-F4           	13                  
V602182             	4.0585              	190528-F4           	14                  
V602183             	4.0341              	190528-F4           	15                  
V602184             	4.0226              	190528-F4           	16                  
V602185             	4.0474              	190528-F4           	17                  
V602186             	4.0075              	190528-F4           	18                  
V602187             	4.0112              	190528-F4           	19                  
V602188             	4.0669              	190528-F4           	20                  
V602189             	4.0091              	190528-F4           	21                  
V602190             	4.0072              	190528-F4           	22                  
V602191             	4.1053              	190528-F4           	23                  
V602192             	4.0790              	190528-F4           	24                  
 
Process Completed!

End Time:	05/28/2019 17:00


Signature: ____________________________________
