Label Automator® with Weighing Option (version 5.20)

Start Time:	06/10/2019 14:37
Log File:  	201906101437.LOG
Process File:	C:\Bohdan\Automator\Proc\Glasdel2.prc
Operator ID:	Kalle

[GLOBAL SAMPLE PARAMETERS]
--- <Rack Location #01> 4 ml  Rack F1
    Rack ID: 190606-F1
    Sample Input File: C:\Bohdan\Automator\Proc\GLASS\Input\SciL11.smp
--- <Rack Location #02> 4 ml  Rack F2
    Rack ID: 190606-F2
    Sample Input File: C:\Bohdan\Automator\Proc\GLASS\Input\SciL11.smp
--- <Rack Location #03> 4 ml  Rack F3
    Rack ID: 190606-F3
    Sample Input File: C:\Bohdan\Automator\Proc\GLASS\Input\SciL11.smp
--- <Rack Location #04> 4 ml  Rack F4
    Rack ID: 190606-F4
    Sample Input File: C:\Bohdan\Automator\Proc\GLASS\Input\SciL11.smp

Report Format: K

[WEIGHT FORMAT]
Weight Unit: g
Weight Range: Coarse
 
[LABEL AND WEIGH]
Labeler Setup File: C:\Bohdan\Automator\Proc\K.par
 
bar code            	weight#1            	rack id             	sample position     
V602961             	4.0315              	190606-F1           	1                   
V602962             	3.9241              	190606-F1           	2                   
V602963             	4.0276              	190606-F1           	3                   
V602964             	3.9549              	190606-F1           	4                   
V602965             	3.9624              	190606-F1           	5                   
V602966             	3.8859              	190606-F1           	6                   
V602967             	3.9216              	190606-F1           	7                   
V602968             	3.9345              	190606-F1           	8                   
V602969             	3.8876              	190606-F1           	9                   
V602970             	3.9347              	190606-F1           	10                  
V602971             	4.0349              	190606-F1           	11                  
V602972             	4.0378              	190606-F1           	12                  
V602973             	4.0381              	190606-F1           	13                  
V602974             	3.9896              	190606-F1           	14                  
V602975             	3.9275              	190606-F1           	15                  
V602976             	4.0022              	190606-F1           	16                  
V602977             	3.9271              	190606-F1           	17                  
V602978             	3.9429              	190606-F1           	18                  
V602979             	3.9078              	190606-F1           	19                  
V602980             	3.9091              	190606-F1           	20                  
V602981             	3.9820              	190606-F1           	21                  
V602982             	3.9518              	190606-F1           	22                  
V602983             	4.0438              	190606-F1           	23                  
V602984             	3.9097              	190606-F1           	24                  
V602985             	3.9971              	190606-F2           	1                   
V602986             	3.9573              	190606-F2           	2                   
V602987             	3.9487              	190606-F2           	3                   
V602988             	4.0139              	190606-F2           	4                   
V602989             	3.9570              	190606-F2           	5                   
V602990             	3.9459              	190606-F2           	6                   
V602991             	3.9633              	190606-F2           	7                   
V602992             	3.9110              	190606-F2           	8                   
V602993             	3.9855              	190606-F2           	9                   
V602994             	4.0026              	190606-F2           	10                  
V602995             	4.0205              	190606-F2           	11                  
V602996             	3.9303              	190606-F2           	12                  
V602997             	3.9704              	190606-F2           	13                  
V602998             	4.0476              	190606-F2           	14                  
V602999             	4.0324              	190606-F2           	15                  
V603000             	3.9226              	190606-F2           	16                  
V603001             	3.9607              	190606-F2           	17                  
V603002             	3.9446              	190606-F2           	18                  
V603003             	4.0781              	190606-F2           	19                  
V603004             	4.0353              	190606-F2           	20                  
V603005             	4.0559              	190606-F2           	21                  
V603006             	4.0476              	190606-F2           	22                  
V603007             	3.9898              	190606-F2           	23                  
V603008             	4.0080              	190606-F2           	24                  
V603009             	4.0170              	190606-F3           	1                   
V603010             	4.0078              	190606-F3           	2                   
V603011             	3.9367              	190606-F3           	3                   
V603012             	3.9800              	190606-F3           	4                   
V603013             	4.0555              	190606-F3           	5                   
V603014             	3.9394              	190606-F3           	6                   
V603015             	3.9677              	190606-F3           	7                   
V603016             	3.9274              	190606-F3           	8                   
V603017             	4.0011              	190606-F3           	9                   
V603018             	3.9461              	190606-F3           	10                  
V603019             	4.0722              	190606-F3           	11                  
V603020             	4.0036              	190606-F3           	12                  
V603021             	3.9374              	190606-F3           	13                  
V603022             	4.0776              	190606-F3           	14                  
V603023             	4.0547              	190606-F3           	15                  
V603024             	3.9502              	190606-F3           	16                  
V603025             	3.9651              	190606-F3           	17                  
V603026             	3.9755              	190606-F3           	18                  
V603027             	3.9836              	190606-F3           	19                  
V603028             	3.9995              	190606-F3           	20                  
V603029             	4.0126              	190606-F3           	21                  
V603030             	4.0076              	190606-F3           	22                  
V603031             	3.9603              	190606-F3           	23                  
V603032             	4.0691              	190606-F3           	24                  
V603033             	3.9684              	190606-F4           	1                   
V603034             	3.9964              	190606-F4           	2                   
V603035             	3.9792              	190606-F4           	3                   
V603036             	3.9856              	190606-F4           	4                   
V603037             	3.9780              	190606-F4           	5                   
V603038             	3.9167              	190606-F4           	6                   
V603039             	4.0588              	190606-F4           	7                   
V603040             	3.9323              	190606-F4           	8                   
V603041             	4.0219              	190606-F4           	9                   
V603042             	3.9688              	190606-F4           	10                  
V603043             	3.9639              	190606-F4           	11                  
V603044             	4.0478              	190606-F4           	12                  
V603045             	4.0281              	190606-F4           	13                  
V603046             	4.0235              	190606-F4           	14                  
V603047             	3.9603              	190606-F4           	15                  
V603048             	3.9292              	190606-F4           	16                  
V603049             	3.9966              	190606-F4           	17                  
V603050             	4.0561              	190606-F4           	18                  
V603051             	4.0518              	190606-F4           	19                  
V603052             	4.0405              	190606-F4           	20                  
V603053             	3.9698              	190606-F4           	21                  
V603054             	4.0337              	190606-F4           	22                  
V603055             	4.0171              	190606-F4           	23                  
V603056             	4.0311              	190606-F4           	24                  
 
Process Completed!

End Time:	06/10/2019 16:43


Signature: ____________________________________
