Label Automator® with Weighing Option (version 5.20)

Start Time:	06/05/2019 10:50
Log File:  	201906051050.LOG
Process File:	C:\Bohdan\Automator\Proc\Glasdel2.prc
Operator ID:	Kalle

[GLOBAL SAMPLE PARAMETERS]
--- <Rack Location #01> 4 ml  Rack F1
    Rack ID: 190603-F1
    Sample Input File: C:\Bohdan\Automator\Proc\GLASS\Input\SciL08.smp
--- <Rack Location #02> 4 ml  Rack F2
    Rack ID: 190603-F2
    Sample Input File: C:\Bohdan\Automator\Proc\GLASS\Input\SciL08.smp
--- <Rack Location #03> 4 ml  Rack F3
    Rack ID: 190603-F3
    Sample Input File: C:\Bohdan\Automator\Proc\GLASS\Input\SciL08.smp
--- <Rack Location #04> 4 ml  Rack F4
    Rack ID: 190603-F4
    Sample Input File: C:\Bohdan\Automator\Proc\GLASS\Input\SciL08.smp

Report Format: K

[WEIGHT FORMAT]
Weight Unit: g
Weight Range: Coarse
 
[LABEL AND WEIGH]
Labeler Setup File: C:\Bohdan\Automator\Proc\K.par
 
bar code            	weight#1            	rack id             	sample position     
V602673             	3.9609              	190603-F1           	1                   
V602674             	3.9146              	190603-F1           	2                   
V602675             	3.9439              	190603-F1           	3                   
V602676             	3.9456              	190603-F1           	4                   
V602677             	3.9903              	190603-F1           	5                   
V602678             	3.9662              	190603-F1           	6                   
V602679             	3.8900              	190603-F1           	7                   
V602680             	4.0475              	190603-F1           	8                   
V602681             	3.9411              	190603-F1           	9                   
V602682             	3.9368              	190603-F1           	10                  
V602683             	4.0103              	190603-F1           	11                  
V602684             	3.9204              	190603-F1           	12                  
V602685             	3.9627              	190603-F1           	13                  
V602686             	3.8735              	190603-F1           	14                  
V602687             	4.0326              	190603-F1           	15                  
V602688             	3.9236              	190603-F1           	16                  
V602689             	3.9577              	190603-F1           	17                  
V602690             	3.9594              	190603-F1           	18                  
V602691             	3.9869              	190603-F1           	19                  
V602692             	4.0194              	190603-F1           	20                  
V602693             	3.9046              	190603-F1           	21                  
V602694             	3.9587              	190603-F1           	22                  
V602695             	4.0240              	190603-F1           	23                  
V602696             	3.9989              	190603-F1           	24                  
V602697             	3.9939              	190603-F2           	1                   
V602698             	3.9978              	190603-F2           	2                   
V602699             	3.9712              	190603-F2           	3                   
V602700             	4.0515              	190603-F2           	4                   
V602701             	3.9676              	190603-F2           	5                   
V602702             	4.0326              	190603-F2           	6                   
V602703             	3.9620              	190603-F2           	7                   
V602704             	3.9142              	190603-F2           	8                   
V602705             	3.9435              	190603-F2           	9                   
V602706             	4.0134              	190603-F2           	10                  
V602707             	3.9773              	190603-F2           	11                  
V602708             	3.9103              	190603-F2           	12                  
V602709             	3.8835              	190603-F2           	13                  
V602710             	3.9521              	190603-F2           	14                  
V602711             	3.9195              	190603-F2           	15                  
V602712             	3.9643              	190603-F2           	16                  
V602713             	3.9199              	190603-F2           	17                  
V602714             	3.9409              	190603-F2           	18                  
V602715             	4.0332              	190603-F2           	19                  
V602716             	3.9145              	190603-F2           	20                  
V602717             	4.0424              	190603-F2           	21                  
V602718             	3.9557              	190603-F2           	22                  
V602719             	3.9089              	190603-F2           	23                  
V602720             	3.9994              	190603-F2           	24                  
V602721             	3.8922              	190603-F3           	1                   
V602722             	4.0590              	190603-F3           	2                   
V602723             	3.9848              	190603-F3           	3                   
V602724             	3.9579              	190603-F3           	4                   
V602725             	3.9875              	190603-F3           	5                   
V602726             	3.9697              	190603-F3           	6                   
V602727             	4.0356              	190603-F3           	7                   
V602728             	3.9642              	190603-F3           	8                   
V602729             	3.9457              	190603-F3           	9                   
V602730             	4.0167              	190603-F3           	10                  
V602731             	4.0375              	190603-F3           	11                  
V602732             	4.0226              	190603-F3           	12                  
V602733             	3.9205              	190603-F3           	13                  
V602734             	3.9245              	190603-F3           	14                  
V602735             	3.9785              	190603-F3           	15                  
V602736             	3.8996              	190603-F3           	16                  
V602737             	3.9555              	190603-F3           	17                  
V602738             	4.0197              	190603-F3           	18                  
V602739             	3.9652              	190603-F3           	19                  
V602740             	3.9612              	190603-F3           	20                  
V602741             	3.9756              	190603-F3           	21                  
V602742             	4.0034              	190603-F3           	22                  
V602743             	3.9805              	190603-F3           	23                  
V602744             	3.9865              	190603-F3           	24                  
V602745             	4.0505              	190603-F4           	1                   
V602746             	4.0048              	190603-F4           	2                   
V602747             	3.9238              	190603-F4           	3                   
V602748             	3.8919              	190603-F4           	4                   
V602749             	3.9692              	190603-F4           	5                   
V602750             	3.9557              	190603-F4           	6                   
V602751             	4.0020              	190603-F4           	7                   
V602752             	3.9445              	190603-F4           	8                   
V602753             	3.9818              	190603-F4           	9                   
V602754             	4.0541              	190603-F4           	10                  
V602755             	4.0025              	190603-F4           	11                  
V602756             	3.9818              	190603-F4           	12                  
V602757             	4.0100              	190603-F4           	13                  
V602758             	3.9915              	190603-F4           	14                  
V602759             	3.9343              	190603-F4           	15                  
V602760             	4.0023              	190603-F4           	16                  
V602761             	3.9678              	190603-F4           	17                  
V602762             	3.9591              	190603-F4           	18                  
V602763             	4.0329              	190603-F4           	19                  
V602764             	4.0057              	190603-F4           	20                  
V602765             	3.9626              	190603-F4           	21                  
V602766             	4.0151              	190603-F4           	22                  
V602767             	3.9609              	190603-F4           	23                  
V602768             	4.0401              	190603-F4           	24                  
 
Process Completed!

End Time:	06/05/2019 12:56


Signature: ____________________________________
