Label Automator® with Weighing Option (version 5.20)

Start Time:	06/11/2019 13:57
Log File:  	201906111357.LOG
Process File:	C:\Bohdan\Automator\Proc\Glasdel2.prc
Operator ID:	Kalle

[GLOBAL SAMPLE PARAMETERS]
--- <Rack Location #01> 4 ml  Rack F1
    Rack ID: 190608-F1
    Sample Input File: C:\Bohdan\Automator\Proc\GLASS\Input\SciL13.smp
--- <Rack Location #02> 4 ml  Rack F2
    Rack ID: 190608-F2
    Sample Input File: C:\Bohdan\Automator\Proc\GLASS\Input\SciL13.smp
--- <Rack Location #03> 4 ml  Rack F3
    Rack ID: 190608-F3
    Sample Input File: C:\Bohdan\Automator\Proc\GLASS\Input\SciL13.smp
--- <Rack Location #04> 4 ml  Rack F4
    Rack ID: 190608-F4
    Sample Input File: C:\Bohdan\Automator\Proc\GLASS\Input\SciL13.smp

Report Format: K

[WEIGHT FORMAT]
Weight Unit: g
Weight Range: Coarse
 
[LABEL AND WEIGH]
Labeler Setup File: C:\Bohdan\Automator\Proc\K.par
 
bar code            	weight#1            	rack id             	sample position     
V603153             	4.0333              	190608-F1           	1                   
V603154             	3.9864              	190608-F1           	2                   
V603155             	3.9084              	190608-F1           	3                   
V603156             	3.9363              	190608-F1           	4                   
V603157             	3.9816              	190608-F1           	5                   
V603158             	4.0440              	190608-F1           	6                   
V603159             	3.9010              	190608-F1           	7                   
V603160             	3.9261              	190608-F1           	8                   
V603161             	3.9661              	190608-F1           	9                   
V603162             	3.9952              	190608-F1           	10                  
V603163             	4.0057              	190608-F1           	11                  
V603164             	4.0089              	190608-F1           	12                  
V603165             	3.9400              	190608-F1           	13                  
V603166             	3.9676              	190608-F1           	14                  
V603167             	3.9966              	190608-F1           	15                  
V603168             	3.9712              	190608-F1           	16                  
V603169             	4.0186              	190608-F1           	17                  
V603170             	3.9816              	190608-F1           	18                  
V603171             	3.9910              	190608-F1           	19                  
V603172             	3.9451              	190608-F1           	20                  
V603173             	3.9245              	190608-F1           	21                  
V603174             	4.0214              	190608-F1           	22                  
V603175             	4.0268              	190608-F1           	23                  
V603176             	3.9112              	190608-F1           	24                  
V603177             	3.9260              	190608-F2           	1                   
V603178             	4.0382              	190608-F2           	2                   
V603179             	4.0514              	190608-F2           	3                   
V603180             	4.0152              	190608-F2           	4                   
V603181             	3.9051              	190608-F2           	5                   
V603182             	3.9662              	190608-F2           	6                   
V603183             	4.0002              	190608-F2           	7                   
V603184             	4.0213              	190608-F2           	8                   
V603185             	3.9278              	190608-F2           	9                   
V603186             	4.0074              	190608-F2           	10                  
V603187             	4.0441              	190608-F2           	11                  
V603188             	4.0058              	190608-F2           	12                  
V603189             	3.9172              	190608-F2           	13                  
V603190             	3.9845              	190608-F2           	14                  
V603191             	3.9140              	190608-F2           	15                  
V603192             	3.9169              	190608-F2           	16                  
V603193             	4.0001              	190608-F2           	17                  
V603194             	3.9340              	190608-F2           	18                  
V603195             	3.9686              	190608-F2           	19                  
V603196             	4.0357              	190608-F2           	20                  
V603197             	3.8918              	190608-F2           	21                  
V603198             	3.9692              	190608-F2           	22                  
V603199             	3.9860              	190608-F2           	23                  
V603200             	3.9140              	190608-F2           	24                  
V603201             	3.9860              	190608-F3           	1                   
V603202             	4.0452              	190608-F3           	2                   
V603203             	4.0403              	190608-F3           	3                   
V603204             	4.0343              	190608-F3           	4                   
V603205             	4.0562              	190608-F3           	5                   
V603206             	3.9264              	190608-F3           	6                   
V603207             	4.0523              	190608-F3           	7                   
V603208             	4.0264              	190608-F3           	8                   
V603209             	4.0298              	190608-F3           	9                   
V603210             	3.9390              	190608-F3           	10                  
V603211             	3.9714              	190608-F3           	11                  
V603212             	4.0152              	190608-F3           	12                  
V603213             	4.0361              	190608-F3           	13                  
V603214             	3.9681              	190608-F3           	14                  
V603215             	3.9340              	190608-F3           	15                  
V603216             	4.0371              	190608-F3           	16                  
V603217             	4.0016              	190608-F3           	17                  
V603218             	3.9596              	190608-F3           	18                  
V603219             	4.0120              	190608-F3           	19                  
V603220             	4.0519              	190608-F3           	20                  
V603221             	3.9796              	190608-F3           	21                  
V603222             	3.9745              	190608-F3           	22                  
V603223             	3.9333              	190608-F3           	23                  
V603224             	4.0312              	190608-F3           	24                  
V603225             	4.0345              	190608-F4           	1                   
V603226             	3.9344              	190608-F4           	2                   
V603227             	3.9503              	190608-F4           	3                   
V603228             	4.0191              	190608-F4           	4                   
V603229             	3.9937              	190608-F4           	5                   
V603230             	3.9990              	190608-F4           	6                   
V603231             	4.0621              	190608-F4           	7                   
V603232             	4.0291              	190608-F4           	8                   
V603233             	4.0658              	190608-F4           	9                   
V603234             	3.9426              	190608-F4           	10                  
V603235             	3.9369              	190608-F4           	11                  
V603236             	4.0130              	190608-F4           	12                  
V603237             	4.0038              	190608-F4           	13                  
V603238             	3.9607              	190608-F4           	14                  
V603239             	4.0148              	190608-F4           	15                  
V603240             	3.9283              	190608-F4           	16                  
V603241             	3.9685              	190608-F4           	17                  
V603242             	4.0355              	190608-F4           	18                  
V603243             	3.9262              	190608-F4           	19                  
V603244             	3.9524              	190608-F4           	20                  
V603245             	3.9669              	190608-F4           	21                  
V603246             	3.9288              	190608-F4           	22                  
V603247             	3.9761              	190608-F4           	23                  
V603248             	4.0260              	190608-F4           	24                  
 
Process Completed!

End Time:	06/11/2019 16:03


Signature: ____________________________________
