Label Automator® with Weighing Option (version 5.20)

Start Time:	05/27/2019 13:58
Log File:  	201905271358.LOG
Process File:	C:\Bohdan\Automator\Proc\Glasdel2.prc
Operator ID:	Kalle

[GLOBAL SAMPLE PARAMETERS]
--- <Rack Location #01> 4 ml  Rack F1
    Rack ID: 190527-F1
    Sample Input File: C:\Bohdan\Automator\Proc\GLASS\Input\SciL01.smp
--- <Rack Location #02> 4 ml  Rack F2
    Rack ID: 190527-F2
    Sample Input File: C:\Bohdan\Automator\Proc\GLASS\Input\SciL01.smp
--- <Rack Location #03> 4 ml  Rack F3
    Rack ID: 190527-F3
    Sample Input File: C:\Bohdan\Automator\Proc\GLASS\Input\SciL01.smp
--- <Rack Location #04> 4 ml  Rack F4
    Rack ID: 190527-F4
    Sample Input File: C:\Bohdan\Automator\Proc\GLASS\Input\SciL01.smp

Report Format: K

[WEIGHT FORMAT]
Weight Unit: g
Weight Range: Coarse
 
[LABEL AND WEIGH]
Labeler Setup File: C:\Bohdan\Automator\Proc\K.par
 
bar code            	weight#1            	rack id             	sample position     
V602001             	3.8710              	190527-F1           	1                   
V602002             	3.8926              	190527-F1           	2                   
V602003             	3.9182              	190527-F1           	3                   
V602004             	3.9396              	190527-F1           	4                   
V602005             	3.9457              	190527-F1           	5                   
V602006             	3.8765              	190527-F1           	6                   
V602007             	3.9039              	190527-F1           	7                   
V602008             	3.8877              	190527-F1           	8                   
V602009             	3.9237              	190527-F1           	9                   
V602010             	3.9064              	190527-F1           	10                  
V602011             	3.9403              	190527-F1           	11                  
V602012             	3.9156              	190527-F1           	12                  
V602013             	3.8894              	190527-F1           	13                  
V602014             	3.8893              	190527-F1           	14                  
V602015             	3.9232              	190527-F1           	15                  
V602016             	3.9265              	190527-F1           	16                  
V602017             	3.8854              	190527-F1           	17                  
V602018             	3.9264              	190527-F1           	18                  
V602019             	4.0192              	190527-F1           	19                  
V602020             	3.9938              	190527-F1           	20                  
V602021             	3.9246              	190527-F1           	21                  
V602022             	3.9134              	190527-F1           	22                  
V602023             	3.9019              	190527-F1           	23                  
V602024             	3.8754              	190527-F1           	24                  
V602025             	3.8891              	190527-F2           	1                   
V602026             	3.9343              	190527-F2           	2                   
V602027             	3.8921              	190527-F2           	3                   
V602028             	3.9274              	190527-F2           	4                   
V602029             	3.8643              	190527-F2           	5                   
V602030             	3.9305              	190527-F2           	6                   
V602031             	3.8712              	190527-F2           	7                   
V602032             	3.9492              	190527-F2           	8                   
V602033             	3.8997              	190527-F2           	9                   
V602034             	3.8799              	190527-F2           	10                  
V602035             	3.9641              	190527-F2           	11                  
V602036             	3.8807              	190527-F2           	12                  
V602037             	3.9549              	190527-F2           	13                  
V602038             	3.9131              	190527-F2           	14                  
V602039             	3.9321              	190527-F2           	15                  
V602040             	3.9353              	190527-F2           	16                  
V602041             	3.9064              	190527-F2           	17                  
V602042             	3.9413              	190527-F2           	18                  
V602043             	3.9218              	190527-F2           	19                  
V602044             	3.8785              	190527-F2           	20                  
V602045             	3.8774              	190527-F2           	21                  
V602046             	3.9240              	190527-F2           	22                  
V602047             	3.9374              	190527-F2           	23                  
V602048             	3.9598              	190527-F2           	24                  
V602049             	3.9918              	190527-F3           	1                   
V602050             	3.8832              	190527-F3           	2                   
V602051             	3.9004              	190527-F3           	3                   
V602052             	3.9158              	190527-F3           	4                   
V602053             	3.9083              	190527-F3           	5                   
V602054             	3.8925              	190527-F3           	6                   
V602055             	4.0444              	190527-F3           	7                   
V602056             	3.9192              	190527-F3           	8                   
V602057             	3.8827              	190527-F3           	9                   
V602058             	3.8717              	190527-F3           	10                  
V602059             	3.9137              	190527-F3           	11                  
V602060             	3.9241              	190527-F3           	12                  
V602061             	3.9785              	190527-F3           	13                  
V602062             	3.8735              	190527-F3           	14                  
V602063             	3.8882              	190527-F3           	15                  
V602064             	3.9259              	190527-F3           	16                  
V602065             	3.9404              	190527-F3           	17                  
V602066             	3.9058              	190527-F3           	18                  
V602067             	4.0058              	190527-F3           	19                  
V602068             	3.9540              	190527-F3           	20                  
V602069             	3.9613              	190527-F3           	21                  
V602070             	3.9088              	190527-F3           	22                  
V602071             	3.8963              	190527-F3           	23                  
V602072             	3.9531              	190527-F3           	24                  
V602073             	3.8825              	190527-F4           	1                   
V602074             	3.9308              	190527-F4           	2                   
V602075             	3.9219              	190527-F4           	3                   
V602076             	3.8975              	190527-F4           	4                   
V602077             	3.8792              	190527-F4           	5                   
V602078             	3.9226              	190527-F4           	6                   
V602079             	3.9211              	190527-F4           	7                   
V602080             	3.8818              	190527-F4           	8                   
V602081             	3.9224              	190527-F4           	9                   
V602082             	3.8723              	190527-F4           	10                  
V602083             	3.9128              	190527-F4           	11                  
V602084             	3.9066              	190527-F4           	12                  
V602085             	3.8870              	190527-F4           	13                  
V602086             	3.8851              	190527-F4           	14                  
V602087             	3.8809              	190527-F4           	15                  
V602088             	3.8834              	190527-F4           	16                  
V602089             	3.8876              	190527-F4           	17                  
V602090             	3.8771              	190527-F4           	18                  
V602091             	3.9551              	190527-F4           	19                  
V602092             	3.8438              	190527-F4           	20                  
V602093             	3.9249              	190527-F4           	21                  
V602094             	3.9093              	190527-F4           	22                  
V602095             	3.8814              	190527-F4           	23                  
V602096             	3.9067              	190527-F4           	24                  
 
Process Completed!

End Time:	05/27/2019 16:04


Signature: ____________________________________
