Label Automator® with Weighing Option (version 5.20)

Start Time:	05/29/2019 09:55
Log File:  	201905290955.LOG
Process File:	C:\Bohdan\Automator\Proc\Glasdel2.prc
Operator ID:	Kalle

[GLOBAL SAMPLE PARAMETERS]
--- <Rack Location #01> 4 ml  Rack F1
    Rack ID: 190529-F1
    Sample Input File: C:\Bohdan\Automator\Proc\GLASS\Input\SciL03.smp
--- <Rack Location #02> 4 ml  Rack F2
    Rack ID: 190529-F2
    Sample Input File: C:\Bohdan\Automator\Proc\GLASS\Input\SciL03.smp
--- <Rack Location #03> 4 ml  Rack F3
    Rack ID: 190529-F3
    Sample Input File: C:\Bohdan\Automator\Proc\GLASS\Input\SciL03.smp
--- <Rack Location #04> 4 ml  Rack F4
    Rack ID: 190529-F4
    Sample Input File: C:\Bohdan\Automator\Proc\GLASS\Input\SciL03.smp

Report Format: K

[WEIGHT FORMAT]
Weight Unit: g
Weight Range: Coarse
 
[LABEL AND WEIGH]
Labeler Setup File: C:\Bohdan\Automator\Proc\K.par
 
bar code            	weight#1            	rack id             	sample position     
V602193             	3.8869              	190529-F1           	1                   
V602194             	3.9333              	190529-F1           	2                   
V602195             	3.9207              	190529-F1           	3                   
V602196             	3.9161              	190529-F1           	4                   
V602197             	3.9542              	190529-F1           	5                   
V602198             	3.9561              	190529-F1           	6                   
V602199             	3.9629              	190529-F1           	7                   
V602200             	4.0483              	190529-F1           	8                   
V602201             	3.9507              	190529-F1           	9                   
V602202             	3.9798              	190529-F1           	10                  
V602203             	4.0179              	190529-F1           	11                  
V602204             	3.9114              	190529-F1           	12                  
V602205             	4.0083              	190529-F1           	13                  
V602206             	4.0381              	190529-F1           	14                  
V602207             	4.0035              	190529-F1           	15                  
V602208             	4.0256              	190529-F1           	16                  
V602209             	3.9608              	190529-F1           	17                  
V602210             	3.9316              	190529-F1           	18                  
V602211             	3.9517              	190529-F1           	19                  
V602212             	3.9937              	190529-F1           	20                  
V602213             	3.9235              	190529-F1           	21                  
V602214             	3.9442              	190529-F1           	22                  
V602215             	3.9174              	190529-F1           	23                  
V602216             	3.9037              	190529-F1           	24                  
V602217             	4.0477              	190529-F2           	1                   
V602218             	3.9250              	190529-F2           	2                   
V602219             	4.0111              	190529-F2           	3                   
V602220             	3.9258              	190529-F2           	4                   
V602221             	3.9729              	190529-F2           	5                   
V602222             	4.0423              	190529-F2           	6                   
V602223             	4.0265              	190529-F2           	7                   
V602224             	3.9948              	190529-F2           	8                   
V602225             	3.9990              	190529-F2           	9                   
V602226             	4.0033              	190529-F2           	10                  
V602227             	3.9144              	190529-F2           	11                  
V602228             	3.9539              	190529-F2           	12                  
V602229             	4.0268              	190529-F2           	13                  
V602230             	4.0278              	190529-F2           	14                  
V602231             	3.9380              	190529-F2           	15                  
V602232             	3.9230              	190529-F2           	16                  
V602233             	3.9716              	190529-F2           	17                  
V602234             	3.9790              	190529-F2           	18                  
V602235             	3.8931              	190529-F2           	19                  
V602236             	3.9668              	190529-F2           	20                  
V602237             	3.8947              	190529-F2           	21                  
V602238             	3.9346              	190529-F2           	22                  
V602239             	3.9432              	190529-F2           	23                  
V602240             	4.0028              	190529-F2           	24                  
V602241             	3.9524              	190529-F3           	1                   
V602242             	3.9314              	190529-F3           	2                   
V602243             	4.0407              	190529-F3           	3                   
V602244             	3.9461              	190529-F3           	4                   
V602245             	3.9535              	190529-F3           	5                   
V602246             	3.9493              	190529-F3           	6                   
V602247             	3.9902              	190529-F3           	7                   
V602248             	3.9582              	190529-F3           	8                   
V602249             	4.0153              	190529-F3           	9                   
V602250             	3.9816              	190529-F3           	10                  
V602251             	3.9358              	190529-F3           	11                  
V602252             	4.0385              	190529-F3           	12                  
V602253             	3.9856              	190529-F3           	13                  
V602254             	4.0418              	190529-F3           	14                  
V602255             	3.9479              	190529-F3           	15                  
V602256             	3.9616              	190529-F3           	16                  
V602257             	3.9730              	190529-F3           	17                  
V602258             	3.9809              	190529-F3           	18                  
V602259             	4.0171              	190529-F3           	19                  
V602260             	3.9256              	190529-F3           	20                  
V602261             	4.0059              	190529-F3           	21                  
V602262             	4.0086              	190529-F3           	22                  
V602263             	3.9191              	190529-F3           	23                  
V602264             	3.9544              	190529-F3           	24                  
V602265             	3.8913              	190529-F4           	1                   
V602266             	3.9235              	190529-F4           	2                   
V602267             	3.9572              	190529-F4           	3                   
V602268             	3.9755              	190529-F4           	4                   
V602269             	4.0089              	190529-F4           	5                   
V602270             	3.9936              	190529-F4           	6                   
V602271             	3.9089              	190529-F4           	7                   
V602272             	3.9373              	190529-F4           	8                   
V602273             	3.9839              	190529-F4           	9                   
V602274             	3.9599              	190529-F4           	10                  
V602275             	4.0866              	190529-F4           	11                  
V602276             	4.0312              	190529-F4           	12                  
V602277             	4.0189              	190529-F4           	13                  
V602278             	4.0112              	190529-F4           	14                  
V602279             	3.9584              	190529-F4           	15                  
V602280             	3.9031              	190529-F4           	16                  
V602281             	4.0019              	190529-F4           	17                  
V602282             	3.9268              	190529-F4           	18                  
V602283             	3.9556              	190529-F4           	19                  
V602284             	4.0061              	190529-F4           	20                  
V602285             	3.8866              	190529-F4           	21                  
V602286             	4.0873              	190529-F4           	22                  
V602287             	4.0248              	190529-F4           	23                  
V602288             	4.0102              	190529-F4           	24                  
 
Process Completed!

End Time:	05/29/2019 12:00


Signature: ____________________________________
